Archive member included to satisfy reference by file (symbol)

d:/mounriver_studio/toolchain/risc-v embedded gcc/bin/../lib/gcc/riscv-none-embed/8.2.0/rv32imacxw/ilp32\libgcc.a(muldf3.o)
                              ./Drivers/BSP/LCD/lcd.o (__muldf3)
d:/mounriver_studio/toolchain/risc-v embedded gcc/bin/../lib/gcc/riscv-none-embed/8.2.0/rv32imacxw/ilp32\libgcc.a(fixunsdfsi.o)
                              ./Drivers/BSP/LCD/lcd.o (__fixunsdfsi)
d:/mounriver_studio/toolchain/risc-v embedded gcc/bin/../lib/gcc/riscv-none-embed/8.2.0/rv32imacxw/ilp32\libgcc.a(floatsidf.o)
                              ./Drivers/BSP/LCD/lcd.o (__floatsidf)
d:/mounriver_studio/toolchain/risc-v embedded gcc/bin/../lib/gcc/riscv-none-embed/8.2.0/rv32imacxw/ilp32\libgcc.a(fixunssfsi.o)
                              ./User/L610.o (__fixunssfsi)
d:/mounriver_studio/toolchain/risc-v embedded gcc/bin/../lib/gcc/riscv-none-embed/8.2.0/rv32imacxw/ilp32\libgcc.a(save-restore.o)
                              ./User/freertos_demo.o (__riscv_save_12)
d:/mounriver_studio/toolchain/risc-v embedded gcc/bin/../lib/gcc/riscv-none-embed/8.2.0/rv32imacxw/ilp32\libgcc.a(_clzsi2.o)
                              d:/mounriver_studio/toolchain/risc-v embedded gcc/bin/../lib/gcc/riscv-none-embed/8.2.0/rv32imacxw/ilp32\libgcc.a(muldf3.o) (__clzsi2)
d:/mounriver_studio/toolchain/risc-v embedded gcc/bin/../lib/gcc/riscv-none-embed/8.2.0/rv32imacxw/ilp32\libgcc.a(_clz.o)
                              d:/mounriver_studio/toolchain/risc-v embedded gcc/bin/../lib/gcc/riscv-none-embed/8.2.0/rv32imacxw/ilp32\libgcc.a(_clzsi2.o) (__clz_tab)
d:/mounriver_studio/toolchain/risc-v embedded gcc/bin/../lib/gcc/riscv-none-embed/8.2.0/../../../../riscv-none-embed/lib/rv32imacxw/ilp32\libg_nano.a(lib_a-exit.o)
                              ./User/allshow.o (exit)
d:/mounriver_studio/toolchain/risc-v embedded gcc/bin/../lib/gcc/riscv-none-embed/8.2.0/../../../../riscv-none-embed/lib/rv32imacxw/ilp32\libg_nano.a(lib_a-fputs.o)
                              ./User/HX77.o (fputs)
d:/mounriver_studio/toolchain/risc-v embedded gcc/bin/../lib/gcc/riscv-none-embed/8.2.0/../../../../riscv-none-embed/lib/rv32imacxw/ilp32\libg_nano.a(lib_a-impure.o)
                              d:/mounriver_studio/toolchain/risc-v embedded gcc/bin/../lib/gcc/riscv-none-embed/8.2.0/../../../../riscv-none-embed/lib/rv32imacxw/ilp32\libg_nano.a(lib_a-exit.o) (_global_impure_ptr)
d:/mounriver_studio/toolchain/risc-v embedded gcc/bin/../lib/gcc/riscv-none-embed/8.2.0/../../../../riscv-none-embed/lib/rv32imacxw/ilp32\libg_nano.a(lib_a-locale.o)
                              ./User/freertos_demo.o (__locale_ctype_ptr)
d:/mounriver_studio/toolchain/risc-v embedded gcc/bin/../lib/gcc/riscv-none-embed/8.2.0/../../../../riscv-none-embed/lib/rv32imacxw/ilp32\libg_nano.a(lib_a-malloc.o)
                              ./User/allshow.o (malloc)
d:/mounriver_studio/toolchain/risc-v embedded gcc/bin/../lib/gcc/riscv-none-embed/8.2.0/../../../../riscv-none-embed/lib/rv32imacxw/ilp32\libg_nano.a(lib_a-mbtowc_r.o)
                              d:/mounriver_studio/toolchain/risc-v embedded gcc/bin/../lib/gcc/riscv-none-embed/8.2.0/../../../../riscv-none-embed/lib/rv32imacxw/ilp32\libg_nano.a(lib_a-locale.o) (__ascii_mbtowc)
d:/mounriver_studio/toolchain/risc-v embedded gcc/bin/../lib/gcc/riscv-none-embed/8.2.0/../../../../riscv-none-embed/lib/rv32imacxw/ilp32\libg_nano.a(lib_a-memcpy.o)
                              ./User/L610.o (memcpy)
d:/mounriver_studio/toolchain/risc-v embedded gcc/bin/../lib/gcc/riscv-none-embed/8.2.0/../../../../riscv-none-embed/lib/rv32imacxw/ilp32\libg_nano.a(lib_a-memset.o)
                              ./User/L610.o (memset)
d:/mounriver_studio/toolchain/risc-v embedded gcc/bin/../lib/gcc/riscv-none-embed/8.2.0/../../../../riscv-none-embed/lib/rv32imacxw/ilp32\libg_nano.a(lib_a-nano-freer.o)
                              d:/mounriver_studio/toolchain/risc-v embedded gcc/bin/../lib/gcc/riscv-none-embed/8.2.0/../../../../riscv-none-embed/lib/rv32imacxw/ilp32\libg_nano.a(lib_a-malloc.o) (_free_r)
d:/mounriver_studio/toolchain/risc-v embedded gcc/bin/../lib/gcc/riscv-none-embed/8.2.0/../../../../riscv-none-embed/lib/rv32imacxw/ilp32\libg_nano.a(lib_a-nano-mallocr.o)
                              d:/mounriver_studio/toolchain/risc-v embedded gcc/bin/../lib/gcc/riscv-none-embed/8.2.0/../../../../riscv-none-embed/lib/rv32imacxw/ilp32\libg_nano.a(lib_a-malloc.o) (_malloc_r)
d:/mounriver_studio/toolchain/risc-v embedded gcc/bin/../lib/gcc/riscv-none-embed/8.2.0/../../../../riscv-none-embed/lib/rv32imacxw/ilp32\libg_nano.a(lib_a-nano-vfprintf_float.o)
                              (_printf_float)
d:/mounriver_studio/toolchain/risc-v embedded gcc/bin/../lib/gcc/riscv-none-embed/8.2.0/../../../../riscv-none-embed/lib/rv32imacxw/ilp32\libg_nano.a(lib_a-nano-vfprintf_i.o)
[...]
Memory Configuration

Name             Origin             Length             Attributes
FLASH            0x0000000000000000 0x0000000000040000 xr
RAM              0x0000000020000000 0x0000000000010000 xrw
*default*        0x0000000000000000 0xffffffffffffffff

Linker script and memory map

LOAD ./User/HX77.o
LOAD ./User/L610.o
LOAD ./User/allshow.o
LOAD ./User/ch32v30x_it.o
LOAD ./User/freertos_demo.o
LOAD ./User/main.o
LOAD ./User/pages.o
LOAD ./User/system_ch32v30x.o
LOAD ./Middlewares/MALLOC/malloc.o
LOAD ./Middlewares/FreeRTOS/portable/MemMang/heap_4.o
LOAD ./Middlewares/FreeRTOS/portable/GCC/RISC-V/port.o
LOAD ./Middlewares/FreeRTOS/portable/GCC/RISC-V/portASM.o
LOAD ./Middlewares/FreeRTOS/croutine.o
LOAD ./Middlewares/FreeRTOS/event_groups.o
LOAD ./Middlewares/FreeRTOS/list.o
LOAD ./Middlewares/FreeRTOS/queue.o
LOAD ./Middlewares/FreeRTOS/stream_buffer.o
LOAD ./Middlewares/FreeRTOS/tasks.o
LOAD ./Middlewares/FreeRTOS/timers.o
LOAD ./Drivers/SYSTEM/usart/usart.o
LOAD ./Drivers/SYSTEM/sys/sys.o
LOAD ./Drivers/SYSTEM/delay/delay.o
LOAD ./Drivers/RISC_V/Startup/startup_ch32v30x_D8C.o
LOAD ./Drivers/RISC_V/Core/core_riscv.o
LOAD ./Drivers/CH32V30x_Driver/src/ch32v30x_adc.o
LOAD ./Drivers/CH32V30x_Driver/src/ch32v30x_bkp.o
LOAD ./Drivers/CH32V30x_Driver/src/ch32v30x_can.o
LOAD ./Drivers/CH32V30x_Driver/src/ch32v30x_crc.o
LOAD ./Drivers/CH32V30x_Driver/src/ch32v30x_dac.o
LOAD ./Drivers/CH32V30x_Driver/src/ch32v30x_dbgmcu.o
LOAD ./Drivers/CH32V30x_Driver/src/ch32v30x_dma.o
LOAD ./Drivers/CH32V30x_Driver/src/ch32v30x_dvp.o
LOAD ./Drivers/CH32V30x_Driver/src/ch32v30x_eth.o
LOAD ./Drivers/CH32V30x_Driver/src/ch32v30x_exti.o
LOAD ./Drivers/CH32V30x_Driver/src/ch32v30x_flash.o
LOAD ./Drivers/CH32V30x_Driver/src/ch32v30x_fsmc.o
LOAD ./Drivers/CH32V30x_Driver/src/ch32v30x_gpio.o
LOAD ./Drivers/CH32V30x_Driver/src/ch32v30x_i2c.o
LOAD ./Drivers/CH32V30x_Driver/src/ch32v30x_iwdg.o
LOAD ./Drivers/CH32V30x_Driver/src/ch32v30x_misc.o
LOAD ./Drivers/CH32V30x_Driver/src/ch32v30x_opa.o
LOAD ./Drivers/CH32V30x_Driver/src/ch32v30x_pwr.o
LOAD ./Drivers/CH32V30x_Driver/src/ch32v30x_rcc.o
LOAD ./Drivers/CH32V30x_Driver/src/ch32v30x_rng.o
LOAD ./Drivers/CH32V30x_Driver/src/ch32v30x_rtc.o
LOAD ./Drivers/CH32V30x_Driver/src/ch32v30x_sdio.o
LOAD ./Drivers/CH32V30x_Driver/src/ch32v30x_spi.o
LOAD ./Drivers/CH32V30x_Driver/src/ch32v30x_tim.o
LOAD ./Drivers/CH32V30x_Driver/src/ch32v30x_usart.o
LOAD ./Drivers/CH32V30x_Driver/src/ch32v30x_wwdg.o
LOAD ./Drivers/BSP/LED/led.o
LOAD ./Drivers/BSP/LCD/lcd.o
LOAD ./Drivers/BSP/KEY/key.o
LOAD d:/mounriver_studio/toolchain/risc-v embedded gcc/bin/../lib/gcc/riscv-none-embed/8.2.0/../../../../riscv-none-embed/lib/rv32imacxw/ilp32\libm.a
LOAD d:/mounriver_studio/toolchain/risc-v embedded gcc/bin/../lib/gcc/riscv-none-embed/8.2.0/rv32imacxw/ilp32\libgcc.a
LOAD d:/mounriver_studio/toolchain/risc-v embedded gcc/bin/../lib/gcc/riscv-none-embed/8.2.0/../../../../riscv-none-embed/lib/rv32imacxw/ilp32\libg_nano.a
LOAD d:/mounriver_studio/toolchain/risc-v embedded gcc/bin/../lib/gcc/riscv-none-embed/8.2.0/../../../../riscv-none-embed/lib/rv32imacxw/ilp32\libc_nano.a
LOAD d:/mounriver_studio/toolchain/risc-v embedded gcc/bin/../lib/gcc/riscv-none-embed/8.2.0/rv32imacxw/ilp32\libgcc.a
START GROUP
LOAD d:/mounriver_studio/toolchain/risc-v embedded gcc/bin/../lib/gcc/riscv-none-embed/8.2.0/rv32imacxw/ilp32\libgcc.a
LOAD d:/mounriver_studio/toolchain/risc-v embedded gcc/bin/../lib/gcc/riscv-none-embed/8.2.0/../../../../riscv-none-embed/lib/rv32imacxw/ilp32\libc_nano.a
LOAD d:/mounriver_studio/toolchain/risc-v embedded gcc/bin/../lib/gcc/riscv-none-embed/8.2.0/../../../../riscv-none-embed/lib/rv32imacxw/ilp32\libnosys.a
END GROUP
START GROUP
LOAD d:/mounriver_studio/toolchain/risc-v embedded gcc/bin/../lib/gcc/riscv-none-embed/8.2.0/rv32imacxw/ilp32\libgcc.a
LOAD d:/mounriver_studio/toolchain/risc-v embedded gcc/bin/../lib/gcc/riscv-none-embed/8.2.0/../../../../riscv-none-embed/lib/rv32imacxw/ilp32\libc_nano.a
LOAD d:/mounriver_studio/toolchain/risc-v embedded gcc/bin/../lib/gcc/riscv-none-embed/8.2.0/../../../../riscv-none-embed/lib/rv32imacxw/ilp32\libnosys.a
END GROUP
                0x0000000000000800                __stack_size = 0x800
                [!provide]                        PROVIDE (_stack_size = __stack_size)

.init           0x0000000000000000       0x38
                0x0000000000000000                _sinit = .
                0x0000000000000000                . = ALIGN (0x4)
 *(SORT_NONE(.init))
 .init          0x0000000000000000       0x38 ./Drivers/RISC_V/Startup/startup_ch32v30x_D8C.o
                0x0000000000000000                _start
                0x0000000000000038                . = ALIGN (0x4)
                0x0000000000000038                _einit = .

.vector         0x0000000000000038      0x1c8
 *(.vector)
 .vector        0x0000000000000038      0x1a0 ./Drivers/RISC_V/Startup/startup_ch32v30x_D8C.o
                0x0000000000000200                . = ALIGN (0x40)
 *fill*         0x00000000000001d8       0x28 

.text           0x0000000000000200    0x10a8c
                0x0000000000000200                . = ALIGN (0x4)
 *(.text)
 .text          0x0000000000000200      0x2e6 ./Middlewares/FreeRTOS/portable/GCC/RISC-V/portASM.o
                0x0000000000000200                SW_Handler
                0x0000000000000300                xPortStartFirstTask
                0x0000000000000400                pxPortInitialiseStack
 .text          0x00000000000004e6       0x60 d:/mounriver_studio/toolchain/risc-v embedded gcc/bin/../lib/gcc/riscv-none-embed/8.2.0/rv32imacxw/ilp32\libgcc.a(save-restore.o)
                0x00000000000004e6                __riscv_save_12
                0x00000000000004ee                __riscv_save_9
                0x00000000000004ee                __riscv_save_11
                0x00000000000004ee                __riscv_save_10
                0x00000000000004ee                __riscv_save_8
                0x00000000000004fc                __riscv_save_4
                0x00000000000004fc                __riscv_save_6
                0x00000000000004fc                __riscv_save_5
                0x00000000000004fc                __riscv_save_7
                0x0000000000000516                __riscv_save_3
                0x0000000000000516                __riscv_save_2
                0x0000000000000516                __riscv_save_1
                0x0000000000000516                __riscv_save_0
                0x0000000000000522                __riscv_restore_12
                0x0000000000000526                __riscv_restore_11
                0x0000000000000526                __riscv_restore_9
                0x0000000000000526                __riscv_restore_10
                0x0000000000000526                __riscv_restore_8
                0x0000000000000530                __riscv_restore_5
                0x0000000000000530                __riscv_restore_7
                0x0000000000000530                __riscv_restore_6
                0x0000000000000530                __riscv_restore_4
                0x000000000000053a                __riscv_restore_3
                0x000000000000053a                __riscv_restore_0
                0x000000000000053a                __riscv_restore_2
                0x000000000000053a                __riscv_restore_1
 .text          0x0000000000000546       0xa8 d:/mounriver_studio/toolchain/risc-v embedded gcc/bin/../lib/gcc/riscv-none-embed/8.2.0/../../../../riscv-none-embed/lib/rv32imacxw/ilp32\libg_nano.a(lib_a-memset.o)
                0x0000000000000546                memset
 .text          0x00000000000005ee      0x11a d:/mounriver_studio/toolchain/risc-v embedded gcc/bin/../lib/gcc/riscv-none-embed/8.2.0/../../../../riscv-none-embed/lib/rv32imacxw/ilp32\libg_nano.a(lib_a-strcmp.o)
                0x00000000000005ee                strcmp
 *(.text.*)
 .text.HX711_GPIO_Init
                0x0000000000000708       0x40 ./User/HX77.o
                0x0000000000000708                HX711_GPIO_Init
 .text.HX711_W_PD_SCK
                0x0000000000000748       0x16 ./User/HX77.o
                0x0000000000000748                HX711_W_PD_SCK
 .text.HX711_R_DOUT
                0x000000000000075e       0x36 ./User/HX77.o
                0x000000000000075e                HX711_R_DOUT
 .text.HX711_ReadData
                0x0000000000000794       0x40 ./User/HX77.o
                0x0000000000000794                HX711_ReadData
 .text.charArrayToU8
                0x00000000000007d4       0x3c ./User/HX77.o
                0x00000000000007d4                charArrayToU8
 .text.weight_check_add
                0x0000000000000810       0x40 ./User/HX77.o
                0x0000000000000810                weight_check_add
 .text.weight_check_delete
                0x0000000000000850       0x40 ./User/HX77.o
                0x0000000000000850                weight_check_delete
 .text.L610_Init
                0x0000000000000890       0x30 ./User/L610.o
                0x0000000000000890                L610_Init
 .text.L610_Lookup
                0x00000000000008c0      0x11a ./User/L610.o
                0x00000000000008c0                L610_Lookup
 .text.L610_RequestIP
                0x00000000000009da       0xa8 ./User/L610.o
                0x00000000000009da                L610_RequestIP
 .text.L610_SetAndConnect
                0x0000000000000a82      0x156 ./User/L610.o
                0x0000000000000a82                L610_SetAndConnect
 .text.L610_Sub
                0x0000000000000bd8       0xa8 ./User/L610.o
                0x0000000000000bd8                L610_Sub
 .text.L610_Pub
                0x0000000000000c80       0x18 ./User/L610.o
                0x0000000000000c80                L610_Pub
 .text.L610_Recive
                0x0000000000000c98      0x1b4 ./User/L610.o
                0x0000000000000c98                L610_Recive
 .text.insertProduct.part.0
                0x0000000000000e4c       0x1c ./User/allshow.o
 .text.initProductList
                0x0000000000000e68        0xa ./User/allshow.o
                0x0000000000000e68                initProductList
 .text.insertProduct
                0x0000000000000e72       0x46 ./User/allshow.o
                0x0000000000000e72                insertProduct
 .text.deleteProduct
                0x0000000000000eb8       0x5a ./User/allshow.o
                0x0000000000000eb8                deleteProduct
 .text.NMI_Handler
                0x0000000000000f12        0x4 ./User/ch32v30x_it.o
                0x0000000000000f12                NMI_Handler
 .text.HardFault_Handler
                0x0000000000000f16        0x2 ./User/ch32v30x_it.o
                0x0000000000000f16                HardFault_Handler
 .text.start_task
                0x0000000000000f18       0x66 ./User/freertos_demo.o
                0x0000000000000f18                start_task
 .text.vSerialTask
                0x0000000000000f7e       0x46 ./User/freertos_demo.o
                0x0000000000000f7e                vSerialTask
 .text.vKeyScanTask
                0x0000000000000fc4      0x1ec ./User/freertos_demo.o
                0x0000000000000fc4                vKeyScanTask
 .text.vCameraRev
                0x00000000000011b0       0xc8 ./User/freertos_demo.o
                0x00000000000011b0                vCameraRev
 .text.vLookupTask
                0x0000000000001278       0x70 ./User/freertos_demo.o
                0x0000000000001278                vLookupTask
 .text.vWeightTask
                0x00000000000012e8       0xcc ./User/freertos_demo.o
                0x00000000000012e8                vWeightTask
 .text.freertos_demo
                0x00000000000013b4      0x120 ./User/freertos_demo.o
                0x00000000000013b4                freertos_demo
 .text.startup.main
                0x00000000000014d4       0x4a ./User/main.o
                0x00000000000014d4                main
 .text.renderMainPage
                0x000000000000151e      0x252 ./User/pages.o
                0x000000000000151e                renderMainPage
 .text.Pages_add
                0x0000000000001770       0xe0 ./User/pages.o
                0x0000000000001770                Pages_add
 .text.Pages_X_add
                0x0000000000001850       0x9e ./User/pages.o
                0x0000000000001850                Pages_X_add
 .text.Pages_delete
                0x00000000000018ee       0xe0 ./User/pages.o
                0x00000000000018ee                Pages_delete
 .text.Pages_X_delete
                0x00000000000019ce       0x90 ./User/pages.o
                0x00000000000019ce                Pages_X_delete
 .text.renderCurrentProductsPage
                0x0000000000001a5e      0x1c8 ./User/pages.o
                0x0000000000001a5e                renderCurrentProductsPage
 .text.Pages_error
                0x0000000000001c26       0x5e ./User/pages.o
                0x0000000000001c26                Pages_error
 .text.SystemInit
                0x0000000000001c84       0xf8 ./User/system_ch32v30x.o
                0x0000000000001c84                SystemInit
 .text.prvInsertBlockIntoFreeList
                0x0000000000001d7c       0x4c ./Middlewares/FreeRTOS/portable/MemMang/heap_4.o
 .text.pvPortMalloc
                0x0000000000001dc8      0x18c ./Middlewares/FreeRTOS/portable/MemMang/heap_4.o
                0x0000000000001dc8                pvPortMalloc
 .text.vPortFree
                0x0000000000001f54       0xa8 ./Middlewares/FreeRTOS/portable/MemMang/heap_4.o
                0x0000000000001f54                vPortFree
 .text.vPortSetupTimerInterrupt
                0x0000000000001ffc        0x2 ./Middlewares/FreeRTOS/portable/GCC/RISC-V/port.o
                0x0000000000001ffc                vPortSetupTimerInterrupt
 .text.xPortStartScheduler
                0x0000000000001ffe       0x8e ./Middlewares/FreeRTOS/portable/GCC/RISC-V/port.o
                0x0000000000001ffe                xPortStartScheduler
 .text.SysTick_Handler
                0x000000000000208c       0x38 ./Middlewares/FreeRTOS/portable/GCC/RISC-V/port.o
                0x000000000000208c                SysTick_Handler
 .text.vPortEnterCritical
                0x00000000000020c4       0x16 ./Middlewares/FreeRTOS/portable/GCC/RISC-V/port.o
                0x00000000000020c4                vPortEnterCritical
 .text.vPortExitCritical
                0x00000000000020da       0x42 ./Middlewares/FreeRTOS/portable/GCC/RISC-V/port.o
                0x00000000000020da                vPortExitCritical
 .text.xPortSetInterruptMask
                0x000000000000211c        0xc ./Middlewares/FreeRTOS/portable/GCC/RISC-V/port.o
                0x000000000000211c                xPortSetInterruptMask
 .text.vPortClearInterruptMask
                0x0000000000002128        0x6 ./Middlewares/FreeRTOS/portable/GCC/RISC-V/port.o
                0x0000000000002128                vPortClearInterruptMask
 .text.vListInitialise
                0x000000000000212e       0x14 ./Middlewares/FreeRTOS/list.o
                0x000000000000212e                vListInitialise
 .text.vListInitialiseItem
                0x0000000000002142        0x6 ./Middlewares/FreeRTOS/list.o
                0x0000000000002142                vListInitialiseItem
 .text.vListInsertEnd
                0x0000000000002148       0x18 ./Middlewares/FreeRTOS/list.o
                0x0000000000002148                vListInsertEnd
 .text.vListInsert
                0x0000000000002160       0x2e ./Middlewares/FreeRTOS/list.o
                0x0000000000002160                vListInsert
 .text.uxListRemove
                0x000000000000218e       0x20 ./Middlewares/FreeRTOS/list.o
                0x000000000000218e                uxListRemove
 .text.prvIsQueueEmpty
                0x00000000000021ae       0x1a ./Middlewares/FreeRTOS/queue.o
 .text.prvCopyDataToQueue
                0x00000000000021c8       0x72 ./Middlewares/FreeRTOS/queue.o
 .text.prvCopyDataFromQueue
                0x000000000000223a       0x28 ./Middlewares/FreeRTOS/queue.o
 .text.prvUnlockQueue
                0x0000000000002262       0x76 ./Middlewares/FreeRTOS/queue.o
 .text.xQueueGenericReset
                0x00000000000022d8       0xc4 ./Middlewares/FreeRTOS/queue.o
                0x00000000000022d8                xQueueGenericReset
 .text.xQueueGenericCreate
                0x000000000000239c       0x6c ./Middlewares/FreeRTOS/queue.o
                0x000000000000239c                xQueueGenericCreate
 .text.xQueueGenericSend
                0x0000000000002408      0x1a8 ./Middlewares/FreeRTOS/queue.o
                0x0000000000002408                xQueueGenericSend
 .text.xQueueGenericSendFromISR
                0x00000000000025b0      0x128 ./Middlewares/FreeRTOS/queue.o
                0x00000000000025b0                xQueueGenericSendFromISR
 .text.xQueueReceive
                0x00000000000026d8      0x166 ./Middlewares/FreeRTOS/queue.o
                0x00000000000026d8                xQueueReceive
 .text.xQueueSemaphoreTake
                0x000000000000283e      0x1bc ./Middlewares/FreeRTOS/queue.o
                0x000000000000283e                xQueueSemaphoreTake
 .text.vQueueAddToRegistry
                0x00000000000029fa       0x6c ./Middlewares/FreeRTOS/queue.o
                0x00000000000029fa                vQueueAddToRegistry
 .text.vQueueWaitForMessageRestricted
                0x0000000000002a66       0x5c ./Middlewares/FreeRTOS/queue.o
                0x0000000000002a66                vQueueWaitForMessageRestricted
 .text.prvResetNextTaskUnblockTime
                0x0000000000002ac2       0x24 ./Middlewares/FreeRTOS/tasks.o
 .text.prvAddCurrentTaskToDelayedList
                0x0000000000002ae6       0xa6 ./Middlewares/FreeRTOS/tasks.o
 .text.prvIdleTask
                0x0000000000002b8c       0x6e ./Middlewares/FreeRTOS/tasks.o
 .text.xTaskCreate
                0x0000000000002bfa      0x204 ./Middlewares/FreeRTOS/tasks.o
                0x0000000000002bfa                xTaskCreate
 .text.vTaskDelete
                0x0000000000002dfe       0xd2 ./Middlewares/FreeRTOS/tasks.o
                0x0000000000002dfe                vTaskDelete
 .text.vTaskStartScheduler
                0x0000000000002ed0       0x92 ./Middlewares/FreeRTOS/tasks.o
                0x0000000000002ed0                vTaskStartScheduler
 .text.vTaskSuspendAll
                0x0000000000002f62       0x10 ./Middlewares/FreeRTOS/tasks.o
                0x0000000000002f62                vTaskSuspendAll
 .text.xTaskGetTickCount
                0x0000000000002f72        0xa ./Middlewares/FreeRTOS/tasks.o
                0x0000000000002f72                xTaskGetTickCount
 .text.xTaskIncrementTick
                0x0000000000002f7c      0x1ac ./Middlewares/FreeRTOS/tasks.o
                0x0000000000002f7c                xTaskIncrementTick
 .text.xTaskResumeAll
                0x0000000000003128      0x168 ./Middlewares/FreeRTOS/tasks.o
                0x0000000000003128                xTaskResumeAll
 .text.vTaskDelay
                0x0000000000003290       0x66 ./Middlewares/FreeRTOS/tasks.o
                0x0000000000003290                vTaskDelay
 .text.vTaskSwitchContext
                0x00000000000032f6       0x9a ./Middlewares/FreeRTOS/tasks.o
                0x00000000000032f6                vTaskSwitchContext
 .text.vTaskPlaceOnEventList
                0x0000000000003390       0x48 ./Middlewares/FreeRTOS/tasks.o
                0x0000000000003390                vTaskPlaceOnEventList
 .text.vTaskPlaceOnEventListRestricted
                0x00000000000033d8       0x76 ./Middlewares/FreeRTOS/tasks.o
                0x00000000000033d8                vTaskPlaceOnEventListRestricted
 .text.xTaskRemoveFromEventList
                0x000000000000344e       0xec ./Middlewares/FreeRTOS/tasks.o
                0x000000000000344e                xTaskRemoveFromEventList
 .text.vTaskInternalSetTimeOutState
                0x000000000000353a       0x16 ./Middlewares/FreeRTOS/tasks.o
                0x000000000000353a                vTaskInternalSetTimeOutState
 .text.xTaskCheckForTimeOut
                0x0000000000003550       0xca ./Middlewares/FreeRTOS/tasks.o
                0x0000000000003550                xTaskCheckForTimeOut
 .text.vTaskMissedYield
                0x000000000000361a        0xc ./Middlewares/FreeRTOS/tasks.o
                0x000000000000361a                vTaskMissedYield
 .text.xTaskGetSchedulerState
                0x0000000000003626       0x1c ./Middlewares/FreeRTOS/tasks.o
                0x0000000000003626                xTaskGetSchedulerState
 .text.xTaskPriorityInherit
                0x0000000000003642       0xae ./Middlewares/FreeRTOS/tasks.o
                0x0000000000003642                xTaskPriorityInherit
 .text.xTaskPriorityDisinherit
                0x00000000000036f0       0xca ./Middlewares/FreeRTOS/tasks.o
                0x00000000000036f0                xTaskPriorityDisinherit
 .text.vTaskPriorityDisinheritAfterTimeout
                0x00000000000037ba       0xe6 ./Middlewares/FreeRTOS/tasks.o
                0x00000000000037ba                vTaskPriorityDisinheritAfterTimeout
 .text.pvTaskIncrementMutexHeldCount
                0x00000000000038a0       0x1c ./Middlewares/FreeRTOS/tasks.o
                0x00000000000038a0                pvTaskIncrementMutexHeldCount
 .text.prvCheckForValidListAndQueue
                0x00000000000038bc       0x66 ./Middlewares/FreeRTOS/timers.o
 .text.prvInsertTimerInActiveList
                0x0000000000003922       0x46 ./Middlewares/FreeRTOS/timers.o
 .text.prvReloadTimer
                0x0000000000003968       0x2a ./Middlewares/FreeRTOS/timers.o
 .text.prvProcessExpiredTimer
                0x0000000000003992       0x46 ./Middlewares/FreeRTOS/timers.o
 .text.prvSwitchTimerLists
                0x00000000000039d8       0x30 ./Middlewares/FreeRTOS/timers.o
 .text.prvTimerTask
                0x0000000000003a08      0x198 ./Middlewares/FreeRTOS/timers.o
 .text.xTimerCreateTimerTask
                0x0000000000003ba0       0x60 ./Middlewares/FreeRTOS/timers.o
                0x0000000000003ba0                xTimerCreateTimerTask
 .text.USARTx_Init
                0x0000000000003c00       0xfe ./Drivers/SYSTEM/usart/usart.o
                0x0000000000003c00                USARTx_Init
 .text._write   0x0000000000003cfe       0x3e ./Drivers/SYSTEM/usart/usart.o
                0x0000000000003cfe                _write
 .text.USART1_IRQHandler
                0x0000000000003d3c       0x58 ./Drivers/SYSTEM/usart/usart.o
                0x0000000000003d3c                USART1_IRQHandler
 .text.USART2_IRQHandler
                0x0000000000003d94       0x52 ./Drivers/SYSTEM/usart/usart.o
                0x0000000000003d94                USART2_IRQHandler
 .text.delay_init
                0x0000000000003de6       0x46 ./Drivers/SYSTEM/delay/delay.o
                0x0000000000003de6                delay_init
 .text.delay_us
                0x0000000000003e2c       0x40 ./Drivers/SYSTEM/delay/delay.o
                0x0000000000003e2c                delay_us
 .text.delay_ms
                0x0000000000003e6c       0x1c ./Drivers/SYSTEM/delay/delay.o
                0x0000000000003e6c                delay_ms
 .text.vector_handler
                0x0000000000003e88       0xbe ./Drivers/RISC_V/Startup/startup_ch32v30x_D8C.o
                0x0000000000003e8c                Ecall_M_Mode_Handler
                0x0000000000003e8e                Ecall_U_Mode_Handler
                0x0000000000003e90                Break_Point_Handler
                0x0000000000003e96                WWDG_IRQHandler
                0x0000000000003e98                PVD_IRQHandler
                0x0000000000003e9a                TAMPER_IRQHandler
                0x0000000000003e9c                RTC_IRQHandler
                0x0000000000003e9e                FLASH_IRQHandler
                0x0000000000003ea0                RCC_IRQHandler
                0x0000000000003ea2                EXTI0_IRQHandler
                0x0000000000003ea4                EXTI1_IRQHandler
                0x0000000000003ea6                EXTI2_IRQHandler
                0x0000000000003ea8                EXTI3_IRQHandler
                0x0000000000003eaa                EXTI4_IRQHandler
                0x0000000000003eac                DMA1_Channel1_IRQHandler
                0x0000000000003eae                DMA1_Channel2_IRQHandler
                0x0000000000003eb0                DMA1_Channel3_IRQHandler
                0x0000000000003eb2                DMA1_Channel4_IRQHandler
                0x0000000000003eb4                DMA1_Channel5_IRQHandler
                0x0000000000003eb6                DMA1_Channel6_IRQHandler
                0x0000000000003eb8                DMA1_Channel7_IRQHandler
                0x0000000000003eba                ADC1_2_IRQHandler
                0x0000000000003ebc                USB_HP_CAN1_TX_IRQHandler
                0x0000000000003ebe                USB_LP_CAN1_RX0_IRQHandler
                0x0000000000003ec0                CAN1_RX1_IRQHandler
                0x0000000000003ec2                CAN1_SCE_IRQHandler
                0x0000000000003ec4                EXTI9_5_IRQHandler
                0x0000000000003ec6                TIM1_BRK_IRQHandler
                0x0000000000003ec8                TIM1_UP_IRQHandler
                0x0000000000003eca                TIM1_TRG_COM_IRQHandler
                0x0000000000003ecc                TIM1_CC_IRQHandler
                0x0000000000003ece                TIM2_IRQHandler
                0x0000000000003ed0                TIM3_IRQHandler
                0x0000000000003ed2                TIM4_IRQHandler
                0x0000000000003ed4                I2C1_EV_IRQHandler
                0x0000000000003ed6                I2C1_ER_IRQHandler
                0x0000000000003ed8                I2C2_EV_IRQHandler
                0x0000000000003eda                I2C2_ER_IRQHandler
                0x0000000000003edc                SPI1_IRQHandler
                0x0000000000003ede                SPI2_IRQHandler
                0x0000000000003ee4                USART3_IRQHandler
                0x0000000000003ee6                EXTI15_10_IRQHandler
                0x0000000000003ee8                RTCAlarm_IRQHandler
                0x0000000000003eea                USBWakeUp_IRQHandler
                0x0000000000003eec                TIM8_BRK_IRQHandler
                0x0000000000003eee                TIM8_UP_IRQHandler
                0x0000000000003ef0                TIM8_TRG_COM_IRQHandler
                0x0000000000003ef2                TIM8_CC_IRQHandler
                0x0000000000003ef4                RNG_IRQHandler
                0x0000000000003ef6                FSMC_IRQHandler
                0x0000000000003ef8                SDIO_IRQHandler
                0x0000000000003efa                TIM5_IRQHandler
                0x0000000000003efc                SPI3_IRQHandler
                0x0000000000003efe                UART4_IRQHandler
                0x0000000000003f00                UART5_IRQHandler
                0x0000000000003f02                TIM6_IRQHandler
                0x0000000000003f04                TIM7_IRQHandler
                0x0000000000003f06                DMA2_Channel1_IRQHandler
                0x0000000000003f08                DMA2_Channel2_IRQHandler
                0x0000000000003f0a                DMA2_Channel3_IRQHandler
                0x0000000000003f0c                DMA2_Channel4_IRQHandler
                0x0000000000003f0e                DMA2_Channel5_IRQHandler
                0x0000000000003f10                ETH_IRQHandler
                0x0000000000003f12                ETH_WKUP_IRQHandler
                0x0000000000003f14                CAN2_TX_IRQHandler
                0x0000000000003f16                CAN2_RX0_IRQHandler
                0x0000000000003f18                CAN2_RX1_IRQHandler
                0x0000000000003f1a                CAN2_SCE_IRQHandler
                0x0000000000003f1c                OTG_FS_IRQHandler
                0x0000000000003f1e                USBHSWakeup_IRQHandler
                0x0000000000003f20                USBHS_IRQHandler
                0x0000000000003f22                DVP_IRQHandler
                0x0000000000003f24                UART6_IRQHandler
                0x0000000000003f26                UART7_IRQHandler
                0x0000000000003f28                UART8_IRQHandler
                0x0000000000003f2a                TIM9_BRK_IRQHandler
                0x0000000000003f2c                TIM9_UP_IRQHandler
                0x0000000000003f2e                TIM9_TRG_COM_IRQHandler
                0x0000000000003f30                TIM9_CC_IRQHandler
                0x0000000000003f32                TIM10_BRK_IRQHandler
                0x0000000000003f34                TIM10_UP_IRQHandler
                0x0000000000003f36                TIM10_TRG_COM_IRQHandler
                0x0000000000003f38                TIM10_CC_IRQHandler
                0x0000000000003f3a                DMA2_Channel6_IRQHandler
                0x0000000000003f3c                DMA2_Channel7_IRQHandler
                0x0000000000003f3e                DMA2_Channel8_IRQHandler
                0x0000000000003f40                DMA2_Channel9_IRQHandler
                0x0000000000003f42                DMA2_Channel10_IRQHandler
                0x0000000000003f44                DMA2_Channel11_IRQHandler
 .text.handle_reset
                0x0000000000003f46       0x92 ./Drivers/RISC_V/Startup/startup_ch32v30x_D8C.o
                0x0000000000003f46                handle_reset
 .text.FSMC_NORSRAMInit
                0x0000000000003fd8       0xba ./Drivers/CH32V30x_Driver/src/ch32v30x_fsmc.o
                0x0000000000003fd8                FSMC_NORSRAMInit
 .text.FSMC_NORSRAMCmd
                0x0000000000004092       0x1e ./Drivers/CH32V30x_Driver/src/ch32v30x_fsmc.o
                0x0000000000004092                FSMC_NORSRAMCmd
 .text.GPIO_Init
                0x00000000000040b0       0xc0 ./Drivers/CH32V30x_Driver/src/ch32v30x_gpio.o
                0x00000000000040b0                GPIO_Init
 .text.GPIO_ReadInputDataBit
                0x0000000000004170        0xa ./Drivers/CH32V30x_Driver/src/ch32v30x_gpio.o
                0x0000000000004170                GPIO_ReadInputDataBit
 .text.GPIO_SetBits
                0x000000000000417a        0x4 ./Drivers/CH32V30x_Driver/src/ch32v30x_gpio.o
                0x000000000000417a                GPIO_SetBits
 .text.GPIO_ResetBits
                0x000000000000417e        0x4 ./Drivers/CH32V30x_Driver/src/ch32v30x_gpio.o
                0x000000000000417e                GPIO_ResetBits
 .text.GPIO_WriteBit
                0x0000000000004182        0xa ./Drivers/CH32V30x_Driver/src/ch32v30x_gpio.o
                0x0000000000004182                GPIO_WriteBit
 .text.NVIC_PriorityGroupConfig
                0x000000000000418c        0xa ./Drivers/CH32V30x_Driver/src/ch32v30x_misc.o
                0x000000000000418c                NVIC_PriorityGroupConfig
 .text.NVIC_Init
                0x0000000000004196       0xaa ./Drivers/CH32V30x_Driver/src/ch32v30x_misc.o
                0x0000000000004196                NVIC_Init
 .text.RCC_GetClocksFreq
                0x0000000000004240      0x176 ./Drivers/CH32V30x_Driver/src/ch32v30x_rcc.o
                0x0000000000004240                RCC_GetClocksFreq
 .text.RCC_AHBPeriphClockCmd
                0x00000000000043b6       0x1e ./Drivers/CH32V30x_Driver/src/ch32v30x_rcc.o
                0x00000000000043b6                RCC_AHBPeriphClockCmd
 .text.RCC_APB2PeriphClockCmd
                0x00000000000043d4       0x1e ./Drivers/CH32V30x_Driver/src/ch32v30x_rcc.o
                0x00000000000043d4                RCC_APB2PeriphClockCmd
 .text.RCC_APB1PeriphClockCmd
                0x00000000000043f2       0x1e ./Drivers/CH32V30x_Driver/src/ch32v30x_rcc.o
                0x00000000000043f2                RCC_APB1PeriphClockCmd
 .text.USART_Init
                0x0000000000004410       0xbc ./Drivers/CH32V30x_Driver/src/ch32v30x_usart.o
                0x0000000000004410                USART_Init
 .text.USART_Cmd
                0x00000000000044cc       0x16 ./Drivers/CH32V30x_Driver/src/ch32v30x_usart.o
                0x00000000000044cc                USART_Cmd
 .text.USART_ITConfig
                0x00000000000044e2       0x36 ./Drivers/CH32V30x_Driver/src/ch32v30x_usart.o
                0x00000000000044e2                USART_ITConfig
 .text.USART_SendData
                0x0000000000004518        0x8 ./Drivers/CH32V30x_Driver/src/ch32v30x_usart.o
                0x0000000000004518                USART_SendData
 .text.USART_ReceiveData
                0x0000000000004520        0x8 ./Drivers/CH32V30x_Driver/src/ch32v30x_usart.o
                0x0000000000004520                USART_ReceiveData
 .text.USART_GetFlagStatus
                0x0000000000004528        0xa ./Drivers/CH32V30x_Driver/src/ch32v30x_usart.o
                0x0000000000004528                USART_GetFlagStatus
 .text.USART_GetITStatus
                0x0000000000004532       0x3c ./Drivers/CH32V30x_Driver/src/ch32v30x_usart.o
                0x0000000000004532                USART_GetITStatus
 .text.USART_ClearITPendingBit
                0x000000000000456e       0x14 ./Drivers/CH32V30x_Driver/src/ch32v30x_usart.o
                0x000000000000456e                USART_ClearITPendingBit
 .text.LCD_Reset_GPIO_Init
                0x0000000000004582       0x3e ./Drivers/BSP/LCD/lcd.o
                0x0000000000004582                LCD_Reset_GPIO_Init
 .text.LCD_RD_DATA
                0x00000000000045c0       0x16 ./Drivers/BSP/LCD/lcd.o
                0x00000000000045c0                LCD_RD_DATA
 .text.LCD_ReadReg
                0x00000000000045d6       0x1a ./Drivers/BSP/LCD/lcd.o
                0x00000000000045d6                LCD_ReadReg
 .text.LCD_WriteRAM_Prepare
                0x00000000000045f0       0x12 ./Drivers/BSP/LCD/lcd.o
                0x00000000000045f0                LCD_WriteRAM_Prepare
 .text.LCD_SetCursor
                0x0000000000004602       0x48 ./Drivers/BSP/LCD/lcd.o
                0x0000000000004602                LCD_SetCursor
 .text.LCD_Scan_Dir
                0x000000000000464a       0xac ./Drivers/BSP/LCD/lcd.o
                0x000000000000464a                LCD_Scan_Dir
 .text.LCD_Display_Dir
                0x00000000000046f6       0x44 ./Drivers/BSP/LCD/lcd.o
                0x00000000000046f6                LCD_Display_Dir
 .text.LCD_SSD_BackLightSet
                0x000000000000473a       0x4c ./Drivers/BSP/LCD/lcd.o
                0x000000000000473a                LCD_SSD_BackLightSet
 .text.LCD_Clear
                0x0000000000004786       0x36 ./Drivers/BSP/LCD/lcd.o
                0x0000000000004786                LCD_Clear
 .text.LCD_Init
                0x00000000000047bc     0x1530 ./Drivers/BSP/LCD/lcd.o
                0x00000000000047bc                LCD_Init
 .text.LCD_Fast_DrawPoint
                0x0000000000005cec       0x64 ./Drivers/BSP/LCD/lcd.o
                0x0000000000005cec                LCD_Fast_DrawPoint
 .text.LCD_ShowChar
                0x0000000000005d50      0x148 ./Drivers/BSP/LCD/lcd.o
                0x0000000000005d50                LCD_ShowChar
 .text.LCD_ShowString
                0x0000000000005e98       0x6a ./Drivers/BSP/LCD/lcd.o
                0x0000000000005e98                LCD_ShowString
 .text.LCD_Color_Fill
                0x0000000000005f02       0x60 ./Drivers/BSP/LCD/lcd.o
                0x0000000000005f02                LCD_Color_Fill
 .text.LCD_DrawLine
                0x0000000000005f62       0x82 ./Drivers/BSP/LCD/lcd.o
                0x0000000000005f62                LCD_DrawLine
 .text.LCD_DrawRectangle
                0x0000000000005fe4       0x3a ./Drivers/BSP/LCD/lcd.o
                0x0000000000005fe4                LCD_DrawRectangle
 .text.LCD_Draw_Circle
                0x000000000000601e       0xf0 ./Drivers/BSP/LCD/lcd.o
                0x000000000000601e                LCD_Draw_Circle
 .text.key_init
                0x000000000000610e       0x34 ./Drivers/BSP/KEY/key.o
                0x000000000000610e                key_init
 .text.key_scan
                0x0000000000006142      0x15c ./Drivers/BSP/KEY/key.o
                0x0000000000006142                key_scan
 .text.__muldf3
                0x000000000000629e      0x4b0 d:/mounriver_studio/toolchain/risc-v embedded gcc/bin/../lib/gcc/riscv-none-embed/8.2.0/rv32imacxw/ilp32\libgcc.a(muldf3.o)
                0x000000000000629e                __muldf3
 .text.__fixunsdfsi
                0x000000000000674e       0x5c d:/mounriver_studio/toolchain/risc-v embedded gcc/bin/../lib/gcc/riscv-none-embed/8.2.0/rv32imacxw/ilp32\libgcc.a(fixunsdfsi.o)
                0x000000000000674e                __fixunsdfsi
 .text.__floatsidf
                0x00000000000067aa       0x70 d:/mounriver_studio/toolchain/risc-v embedded gcc/bin/../lib/gcc/riscv-none-embed/8.2.0/rv32imacxw/ilp32\libgcc.a(floatsidf.o)
                0x00000000000067aa                __floatsidf
 .text.__fixunssfsi
                0x000000000000681a       0x56 d:/mounriver_studio/toolchain/risc-v embedded gcc/bin/../lib/gcc/riscv-none-embed/8.2.0/rv32imacxw/ilp32\libgcc.a(fixunssfsi.o)
                0x000000000000681a                __fixunssfsi
 .text.__clzsi2
                0x0000000000006870       0x6e d:/mounriver_studio/toolchain/risc-v embedded gcc/bin/../lib/gcc/riscv-none-embed/8.2.0/rv32imacxw/ilp32\libgcc.a(_clzsi2.o)
                0x0000000000006870                __clzsi2
 .text.exit     0x00000000000068de       0x2e d:/mounriver_studio/toolchain/risc-v embedded gcc/bin/../lib/gcc/riscv-none-embed/8.2.0/../../../../riscv-none-embed/lib/rv32imacxw/ilp32\libg_nano.a(lib_a-exit.o)
                0x00000000000068de                exit
 .text._fputs_r
                0x000000000000690c       0xb0 d:/mounriver_studio/toolchain/risc-v embedded gcc/bin/../lib/gcc/riscv-none-embed/8.2.0/../../../../riscv-none-embed/lib/rv32imacxw/ilp32\libg_nano.a(lib_a-fputs.o)
                0x000000000000690c                _fputs_r
 .text.fputs    0x00000000000069bc        0xe d:/mounriver_studio/toolchain/risc-v embedded gcc/bin/../lib/gcc/riscv-none-embed/8.2.0/../../../../riscv-none-embed/lib/rv32imacxw/ilp32\libg_nano.a(lib_a-fputs.o)
                0x00000000000069bc                fputs
 .text.__locale_ctype_ptr_l
                0x00000000000069ca        0x6 d:/mounriver_studio/toolchain/risc-v embedded gcc/bin/../lib/gcc/riscv-none-embed/8.2.0/../../../../riscv-none-embed/lib/rv32imacxw/ilp32\libg_nano.a(lib_a-locale.o)
                0x00000000000069ca                __locale_ctype_ptr_l
 .text.__locale_ctype_ptr
                0x00000000000069d0       0x18 d:/mounriver_studio/toolchain/risc-v embedded gcc/bin/../lib/gcc/riscv-none-embed/8.2.0/../../../../riscv-none-embed/lib/rv32imacxw/ilp32\libg_nano.a(lib_a-locale.o)
                0x00000000000069d0                __locale_ctype_ptr
 .text.malloc   0x00000000000069e8        0xa d:/mounriver_studio/toolchain/risc-v embedded gcc/bin/../lib/gcc/riscv-none-embed/8.2.0/../../../../riscv-none-embed/lib/rv32imacxw/ilp32\libg_nano.a(lib_a-malloc.o)
                0x00000000000069e8                malloc
 .text.free     0x00000000000069f2        0xa d:/mounriver_studio/toolchain/risc-v embedded gcc/bin/../lib/gcc/riscv-none-embed/8.2.0/../../../../riscv-none-embed/lib/rv32imacxw/ilp32\libg_nano.a(lib_a-malloc.o)
                0x00000000000069f2                free
 .text.__ascii_mbtowc
                0x00000000000069fc       0x32 d:/mounriver_studio/toolchain/risc-v embedded gcc/bin/../lib/gcc/riscv-none-embed/8.2.0/../../../../riscv-none-embed/lib/rv32imacxw/ilp32\libg_nano.a(lib_a-mbtowc_r.o)
                0x00000000000069fc                __ascii_mbtowc
 .text.memcpy   0x0000000000006a2e       0xb2 d:/mounriver_studio/toolchain/risc-v embedded gcc/bin/../lib/gcc/riscv-none-embed/8.2.0/../../../../riscv-none-embed/lib/rv32imacxw/ilp32\libg_nano.a(lib_a-memcpy.o)
                0x0000000000006a2e                memcpy
 .text._free_r  0x0000000000006ae0       0xb0 d:/mounriver_studio/toolchain/risc-v embedded gcc/bin/../lib/gcc/riscv-none-embed/8.2.0/../../../../riscv-none-embed/lib/rv32imacxw/ilp32\libg_nano.a(lib_a-nano-freer.o)
                0x0000000000006ae0                _free_r
 .text._malloc_r
                0x0000000000006b90       0xea d:/mounriver_studio/toolchain/risc-v embedded gcc/bin/../lib/gcc/riscv-none-embed/8.2.0/../../../../riscv-none-embed/lib/rv32imacxw/ilp32\libg_nano.a(lib_a-nano-mallocr.o)
                0x0000000000006b90                _malloc_r
 .text.__cvt    0x0000000000006c7a       0xea d:/mounriver_studio/toolchain/risc-v embedded gcc/bin/../lib/gcc/riscv-none-embed/8.2.0/../../../../riscv-none-embed/lib/rv32imacxw/ilp32\libg_nano.a(lib_a-nano-vfprintf_float.o)
                0x0000000000006c7a                __cvt
 .text.__exponent
                0x0000000000006d64       0x84 d:/mounriver_studio/toolchain/risc-v embedded gcc/bin/../lib/gcc/riscv-none-embed/8.2.0/../../../../riscv-none-embed/lib/rv32imacxw/ilp32\libg_nano.a(lib_a-nano-vfprintf_float.o)
                0x0000000000006d64                __exponent
 .text._printf_float
                0x0000000000006de8      0x4c4 d:/mounriver_studio/toolchain/risc-v embedded gcc/bin/../lib/gcc/riscv-none-embed/8.2.0/../../../../riscv-none-embed/lib/rv32imacxw/ilp32\libg_nano.a(lib_a-nano-vfprintf_float.o)
                0x0000000000006de8                _printf_float
 .text._printf_common
                0x00000000000072ac      0x10c d:/mounriver_studio/toolchain/risc-v embedded gcc/bin/../lib/gcc/riscv-none-embed/8.2.0/../../../../riscv-none-embed/lib/rv32imacxw/ilp32\libg_nano.a(lib_a-nano-vfprintf_i.o)
                0x00000000000072ac                _printf_common
 .text._printf_i
                0x00000000000073b8      0x2a4 d:/mounriver_studio/toolchain/risc-v embedded gcc/bin/../lib/gcc/riscv-none-embed/8.2.0/../../../../riscv-none-embed/lib/rv32imacxw/ilp32\libg_nano.a(lib_a-nano-vfprintf_i.o)
                0x00000000000073b8                _printf_i
 .text.printf   0x000000000000765c       0x42 d:/mounriver_studio/toolchain/risc-v embedded gcc/bin/../lib/gcc/riscv-none-embed/8.2.0/../../../../riscv-none-embed/lib/rv32imacxw/ilp32\libg_nano.a(lib_a-printf.o)
                0x000000000000765c                iprintf
                0x000000000000765c                printf
 .text._puts_r  0x000000000000769e       0xde d:/mounriver_studio/toolchain/risc-v embedded gcc/bin/../lib/gcc/riscv-none-embed/8.2.0/../../../../riscv-none-embed/lib/rv32imacxw/ilp32\libg_nano.a(lib_a-puts.o)
                0x000000000000769e                _puts_r
 .text.puts     0x000000000000777c        0xc d:/mounriver_studio/toolchain/risc-v embedded gcc/bin/../lib/gcc/riscv-none-embed/8.2.0/../../../../riscv-none-embed/lib/rv32imacxw/ilp32\libg_nano.a(lib_a-puts.o)
                0x000000000000777c                puts
 .text._sbrk_r  0x0000000000007788       0x32 d:/mounriver_studio/toolchain/risc-v embedded gcc/bin/../lib/gcc/riscv-none-embed/8.2.0/../../../../riscv-none-embed/lib/rv32imacxw/ilp32\libg_nano.a(lib_a-sbrkr.o)
                0x0000000000007788                _sbrk_r
 .text.snprintf
                0x00000000000077ba       0x6c d:/mounriver_studio/toolchain/risc-v embedded gcc/bin/../lib/gcc/riscv-none-embed/8.2.0/../../../../riscv-none-embed/lib/rv32imacxw/ilp32\libg_nano.a(lib_a-snprintf.o)
                0x00000000000077ba                sniprintf
                0x00000000000077ba                snprintf
 .text.strlen   0x0000000000007826       0x12 d:/mounriver_studio/toolchain/risc-v embedded gcc/bin/../lib/gcc/riscv-none-embed/8.2.0/../../../../riscv-none-embed/lib/rv32imacxw/ilp32\libg_nano.a(lib_a-strlen.o)
                0x0000000000007826                strlen
 .text.strncpy  0x0000000000007838       0x24 d:/mounriver_studio/toolchain/risc-v embedded gcc/bin/../lib/gcc/riscv-none-embed/8.2.0/../../../../riscv-none-embed/lib/rv32imacxw/ilp32\libg_nano.a(lib_a-strncpy.o)
                0x0000000000007838                strncpy
 .text.strstr   0x000000000000785c       0x34 d:/mounriver_studio/toolchain/risc-v embedded gcc/bin/../lib/gcc/riscv-none-embed/8.2.0/../../../../riscv-none-embed/lib/rv32imacxw/ilp32\libg_nano.a(lib_a-strstr.o)
                0x000000000000785c                strstr
 .text.sulp     0x0000000000007890       0x4e d:/mounriver_studio/toolchain/risc-v embedded gcc/bin/../lib/gcc/riscv-none-embed/8.2.0/../../../../riscv-none-embed/lib/rv32imacxw/ilp32\libg_nano.a(lib_a-strtod.o)
 .text._strtod_l
                0x00000000000078de      0xc6c d:/mounriver_studio/toolchain/risc-v embedded gcc/bin/../lib/gcc/riscv-none-embed/8.2.0/../../../../riscv-none-embed/lib/rv32imacxw/ilp32\libg_nano.a(lib_a-strtod.o)
                0x00000000000078de                _strtod_l
 .text.strtof   0x000000000000854a       0xe4 d:/mounriver_studio/toolchain/risc-v embedded gcc/bin/../lib/gcc/riscv-none-embed/8.2.0/../../../../riscv-none-embed/lib/rv32imacxw/ilp32\libg_nano.a(lib_a-strtod.o)
                0x000000000000854a                strtof
 .text._strtol_l.isra.0
                0x000000000000862e      0x13a d:/mounriver_studio/toolchain/risc-v embedded gcc/bin/../lib/gcc/riscv-none-embed/8.2.0/../../../../riscv-none-embed/lib/rv32imacxw/ilp32\libg_nano.a(lib_a-strtol.o)
 .text.strtol   0x0000000000008768       0x1e d:/mounriver_studio/toolchain/risc-v embedded gcc/bin/../lib/gcc/riscv-none-embed/8.2.0/../../../../riscv-none-embed/lib/rv32imacxw/ilp32\libg_nano.a(lib_a-strtol.o)
                0x0000000000008768                strtol
 .text.__swbuf_r
                0x0000000000008786       0xc2 d:/mounriver_studio/toolchain/risc-v embedded gcc/bin/../lib/gcc/riscv-none-embed/8.2.0/../../../../riscv-none-embed/lib/rv32imacxw/ilp32\libg_nano.a(lib_a-wbuf.o)
                0x0000000000008786                __swbuf_r
 .text.__ascii_wctomb
                0x0000000000008848       0x1e d:/mounriver_studio/toolchain/risc-v embedded gcc/bin/../lib/gcc/riscv-none-embed/8.2.0/../../../../riscv-none-embed/lib/rv32imacxw/ilp32\libg_nano.a(lib_a-wctomb_r.o)
                0x0000000000008848                __ascii_wctomb
 .text.__swsetup_r
                0x0000000000008866      0x102 d:/mounriver_studio/toolchain/risc-v embedded gcc/bin/../lib/gcc/riscv-none-embed/8.2.0/../../../../riscv-none-embed/lib/rv32imacxw/ilp32\libg_nano.a(lib_a-wsetup.o)
                0x0000000000008866                __swsetup_r
 .text.quorem   0x0000000000008968      0x13a d:/mounriver_studio/toolchain/risc-v embedded gcc/bin/../lib/gcc/riscv-none-embed/8.2.0/../../../../riscv-none-embed/lib/rv32imacxw/ilp32\libg_nano.a(lib_a-dtoa.o)
 .text._dtoa_r  0x0000000000008aa2      0xc16 d:/mounriver_studio/toolchain/risc-v embedded gcc/bin/../lib/gcc/riscv-none-embed/8.2.0/../../../../riscv-none-embed/lib/rv32imacxw/ilp32\libg_nano.a(lib_a-dtoa.o)
                0x0000000000008aa2                _dtoa_r
 .text.__sflush_r
                0x00000000000096b8      0x132 d:/mounriver_studio/toolchain/risc-v embedded gcc/bin/../lib/gcc/riscv-none-embed/8.2.0/../../../../riscv-none-embed/lib/rv32imacxw/ilp32\libg_nano.a(lib_a-fflush.o)
                0x00000000000096b8                __sflush_r
 .text._fflush_r
                0x00000000000097ea       0x66 d:/mounriver_studio/toolchain/risc-v embedded gcc/bin/../lib/gcc/riscv-none-embed/8.2.0/../../../../riscv-none-embed/lib/rv32imacxw/ilp32\libg_nano.a(lib_a-fflush.o)
                0x00000000000097ea                _fflush_r
 .text.std      0x0000000000009850       0x66 d:/mounriver_studio/toolchain/risc-v embedded gcc/bin/../lib/gcc/riscv-none-embed/8.2.0/../../../../riscv-none-embed/lib/rv32imacxw/ilp32\libg_nano.a(lib_a-findfp.o)
 .text._cleanup_r
                0x00000000000098b6        0xa d:/mounriver_studio/toolchain/risc-v embedded gcc/bin/../lib/gcc/riscv-none-embed/8.2.0/../../../../riscv-none-embed/lib/rv32imacxw/ilp32\libg_nano.a(lib_a-findfp.o)
                0x00000000000098b6                _cleanup_r
 .text.__sfmoreglue
                0x00000000000098c0       0x48 d:/mounriver_studio/toolchain/risc-v embedded gcc/bin/../lib/gcc/riscv-none-embed/8.2.0/../../../../riscv-none-embed/lib/rv32imacxw/ilp32\libg_nano.a(lib_a-findfp.o)
                0x00000000000098c0                __sfmoreglue
 .text.__sinit  0x0000000000009908       0x6c d:/mounriver_studio/toolchain/risc-v embedded gcc/bin/../lib/gcc/riscv-none-embed/8.2.0/../../../../riscv-none-embed/lib/rv32imacxw/ilp32\libg_nano.a(lib_a-findfp.o)
                0x0000000000009908                __sinit
 .text.__sfp    0x0000000000009974       0xa0 d:/mounriver_studio/toolchain/risc-v embedded gcc/bin/../lib/gcc/riscv-none-embed/8.2.0/../../../../riscv-none-embed/lib/rv32imacxw/ilp32\libg_nano.a(lib_a-findfp.o)
                0x0000000000009974                __sfp
 .text._fwalk_reent
                0x0000000000009a14       0x6a d:/mounriver_studio/toolchain/risc-v embedded gcc/bin/../lib/gcc/riscv-none-embed/8.2.0/../../../../riscv-none-embed/lib/rv32imacxw/ilp32\libg_nano.a(lib_a-fwalk.o)
                0x0000000000009a14                _fwalk_reent
 .text.rshift   0x0000000000009a7e       0x76 d:/mounriver_studio/toolchain/risc-v embedded gcc/bin/../lib/gcc/riscv-none-embed/8.2.0/../../../../riscv-none-embed/lib/rv32imacxw/ilp32\libg_nano.a(lib_a-gdtoa-gethex.o)
 .text.__hexdig_fun
                0x0000000000009af4       0x40 d:/mounriver_studio/toolchain/risc-v embedded gcc/bin/../lib/gcc/riscv-none-embed/8.2.0/../../../../riscv-none-embed/lib/rv32imacxw/ilp32\libg_nano.a(lib_a-gdtoa-gethex.o)
                0x0000000000009af4                __hexdig_fun
 .text.__gethex
                0x0000000000009b34      0x4cc d:/mounriver_studio/toolchain/risc-v embedded gcc/bin/../lib/gcc/riscv-none-embed/8.2.0/../../../../riscv-none-embed/lib/rv32imacxw/ilp32\libg_nano.a(lib_a-gdtoa-gethex.o)
                0x0000000000009b34                __gethex
 .text.L_shift  0x000000000000a000       0x2c d:/mounriver_studio/toolchain/risc-v embedded gcc/bin/../lib/gcc/riscv-none-embed/8.2.0/../../../../riscv-none-embed/lib/rv32imacxw/ilp32\libg_nano.a(lib_a-gdtoa-hexnan.o)
 .text.__match  0x000000000000a02c       0x2e d:/mounriver_studio/toolchain/risc-v embedded gcc/bin/../lib/gcc/riscv-none-embed/8.2.0/../../../../riscv-none-embed/lib/rv32imacxw/ilp32\libg_nano.a(lib_a-gdtoa-hexnan.o)
                0x000000000000a02c                __match
 .text.__hexnan
                0x000000000000a05a      0x15e d:/mounriver_studio/toolchain/risc-v embedded gcc/bin/../lib/gcc/riscv-none-embed/8.2.0/../../../../riscv-none-embed/lib/rv32imacxw/ilp32\libg_nano.a(lib_a-gdtoa-hexnan.o)
                0x000000000000a05a                __hexnan
 .text.__localeconv_l
                0x000000000000a1b8        0x6 d:/mounriver_studio/toolchain/risc-v embedded gcc/bin/../lib/gcc/riscv-none-embed/8.2.0/../../../../riscv-none-embed/lib/rv32imacxw/ilp32\libg_nano.a(lib_a-localeconv.o)
                0x000000000000a1b8                __localeconv_l
 .text._localeconv_r
                0x000000000000a1be       0x18 d:/mounriver_studio/toolchain/risc-v embedded gcc/bin/../lib/gcc/riscv-none-embed/8.2.0/../../../../riscv-none-embed/lib/rv32imacxw/ilp32\libg_nano.a(lib_a-localeconv.o)
                0x000000000000a1be                _localeconv_r
 .text.__swhatbuf_r
                0x000000000000a1d6       0x58 d:/mounriver_studio/toolchain/risc-v embedded gcc/bin/../lib/gcc/riscv-none-embed/8.2.0/../../../../riscv-none-embed/lib/rv32imacxw/ilp32\libg_nano.a(lib_a-makebuf.o)
                0x000000000000a1d6                __swhatbuf_r
 .text.__smakebuf_r
                0x000000000000a22e       0x94 d:/mounriver_studio/toolchain/risc-v embedded gcc/bin/../lib/gcc/riscv-none-embed/8.2.0/../../../../riscv-none-embed/lib/rv32imacxw/ilp32\libg_nano.a(lib_a-makebuf.o)
                0x000000000000a22e                __smakebuf_r
 .text.memchr   0x000000000000a2c2       0x18 d:/mounriver_studio/toolchain/risc-v embedded gcc/bin/../lib/gcc/riscv-none-embed/8.2.0/../../../../riscv-none-embed/lib/rv32imacxw/ilp32\libg_nano.a(lib_a-memchr.o)
                0x000000000000a2c2                memchr
 .text.__malloc_lock
                0x000000000000a2da        0x2 d:/mounriver_studio/toolchain/risc-v embedded gcc/bin/../lib/gcc/riscv-none-embed/8.2.0/../../../../riscv-none-embed/lib/rv32imacxw/ilp32\libg_nano.a(lib_a-mlock.o)
                0x000000000000a2da                __malloc_lock
 .text.__malloc_unlock
                0x000000000000a2dc        0x2 d:/mounriver_studio/toolchain/risc-v embedded gcc/bin/../lib/gcc/riscv-none-embed/8.2.0/../../../../riscv-none-embed/lib/rv32imacxw/ilp32\libg_nano.a(lib_a-mlock.o)
                0x000000000000a2dc                __malloc_unlock
 .text._Balloc  0x000000000000a2de       0x8c d:/mounriver_studio/toolchain/risc-v embedded gcc/bin/../lib/gcc/riscv-none-embed/8.2.0/../../../../riscv-none-embed/lib/rv32imacxw/ilp32\libg_nano.a(lib_a-mprec.o)
                0x000000000000a2de                _Balloc
 .text._Bfree   0x000000000000a36a       0x44 d:/mounriver_studio/toolchain/risc-v embedded gcc/bin/../lib/gcc/riscv-none-embed/8.2.0/../../../../riscv-none-embed/lib/rv32imacxw/ilp32\libg_nano.a(lib_a-mprec.o)
                0x000000000000a36a                _Bfree
 .text.__multadd
                0x000000000000a3ae       0x98 d:/mounriver_studio/toolchain/risc-v embedded gcc/bin/../lib/gcc/riscv-none-embed/8.2.0/../../../../riscv-none-embed/lib/rv32imacxw/ilp32\libg_nano.a(lib_a-mprec.o)
                0x000000000000a3ae                __multadd
 .text.__s2b    0x000000000000a446       0xa4 d:/mounriver_studio/toolchain/risc-v embedded gcc/bin/../lib/gcc/riscv-none-embed/8.2.0/../../../../riscv-none-embed/lib/rv32imacxw/ilp32\libg_nano.a(lib_a-mprec.o)
                0x000000000000a446                __s2b
 .text.__hi0bits
                0x000000000000a4ea       0x46 d:/mounriver_studio/toolchain/risc-v embedded gcc/bin/../lib/gcc/riscv-none-embed/8.2.0/../../../../riscv-none-embed/lib/rv32imacxw/ilp32\libg_nano.a(lib_a-mprec.o)
                0x000000000000a4ea                __hi0bits
 .text.__lo0bits
                0x000000000000a530       0x6a d:/mounriver_studio/toolchain/risc-v embedded gcc/bin/../lib/gcc/riscv-none-embed/8.2.0/../../../../riscv-none-embed/lib/rv32imacxw/ilp32\libg_nano.a(lib_a-mprec.o)
                0x000000000000a530                __lo0bits
 .text.__i2b    0x000000000000a59a       0x1c d:/mounriver_studio/toolchain/risc-v embedded gcc/bin/../lib/gcc/riscv-none-embed/8.2.0/../../../../riscv-none-embed/lib/rv32imacxw/ilp32\libg_nano.a(lib_a-mprec.o)
                0x000000000000a59a                __i2b
 .text.__multiply
                0x000000000000a5b6      0x144 d:/mounriver_studio/toolchain/risc-v embedded gcc/bin/../lib/gcc/riscv-none-embed/8.2.0/../../../../riscv-none-embed/lib/rv32imacxw/ilp32\libg_nano.a(lib_a-mprec.o)
                0x000000000000a5b6                __multiply
 .text.__pow5mult
                0x000000000000a6fa       0xbe d:/mounriver_studio/toolchain/risc-v embedded gcc/bin/../lib/gcc/riscv-none-embed/8.2.0/../../../../riscv-none-embed/lib/rv32imacxw/ilp32\libg_nano.a(lib_a-mprec.o)
                0x000000000000a6fa                __pow5mult
 .text.__lshift
                0x000000000000a7b8       0xce d:/mounriver_studio/toolchain/risc-v embedded gcc/bin/../lib/gcc/riscv-none-embed/8.2.0/../../../../riscv-none-embed/lib/rv32imacxw/ilp32\libg_nano.a(lib_a-mprec.o)
                0x000000000000a7b8                __lshift
 .text.__mcmp   0x000000000000a886       0x32 d:/mounriver_studio/toolchain/risc-v embedded gcc/bin/../lib/gcc/riscv-none-embed/8.2.0/../../../../riscv-none-embed/lib/rv32imacxw/ilp32\libg_nano.a(lib_a-mprec.o)
                0x000000000000a886                __mcmp
 .text.__mdiff  0x000000000000a8b8       0xf2 d:/mounriver_studio/toolchain/risc-v embedded gcc/bin/../lib/gcc/riscv-none-embed/8.2.0/../../../../riscv-none-embed/lib/rv32imacxw/ilp32\libg_nano.a(lib_a-mprec.o)
                0x000000000000a8b8                __mdiff
 .text.__ulp    0x000000000000a9aa       0x46 d:/mounriver_studio/toolchain/risc-v embedded gcc/bin/../lib/gcc/riscv-none-embed/8.2.0/../../../../riscv-none-embed/lib/rv32imacxw/ilp32\libg_nano.a(lib_a-mprec.o)
                0x000000000000a9aa                __ulp
 .text.__b2d    0x000000000000a9f0       0xb4 d:/mounriver_studio/toolchain/risc-v embedded gcc/bin/../lib/gcc/riscv-none-embed/8.2.0/../../../../riscv-none-embed/lib/rv32imacxw/ilp32\libg_nano.a(lib_a-mprec.o)
                0x000000000000a9f0                __b2d
 .text.__d2b    0x000000000000aaa4       0xd4 d:/mounriver_studio/toolchain/risc-v embedded gcc/bin/../lib/gcc/riscv-none-embed/8.2.0/../../../../riscv-none-embed/lib/rv32imacxw/ilp32\libg_nano.a(lib_a-mprec.o)
                0x000000000000aaa4                __d2b
 .text.__ratio  0x000000000000ab78       0x74 d:/mounriver_studio/toolchain/risc-v embedded gcc/bin/../lib/gcc/riscv-none-embed/8.2.0/../../../../riscv-none-embed/lib/rv32imacxw/ilp32\libg_nano.a(lib_a-mprec.o)
                0x000000000000ab78                __ratio
 .text.__copybits
                0x000000000000abec       0x36 d:/mounriver_studio/toolchain/risc-v embedded gcc/bin/../lib/gcc/riscv-none-embed/8.2.0/../../../../riscv-none-embed/lib/rv32imacxw/ilp32\libg_nano.a(lib_a-mprec.o)
                0x000000000000abec                __copybits
 .text.__any_on
                0x000000000000ac22       0x46 d:/mounriver_studio/toolchain/risc-v embedded gcc/bin/../lib/gcc/riscv-none-embed/8.2.0/../../../../riscv-none-embed/lib/rv32imacxw/ilp32\libg_nano.a(lib_a-mprec.o)
                0x000000000000ac22                __any_on
 .text._calloc_r
                0x000000000000ac68       0x28 d:/mounriver_studio/toolchain/risc-v embedded gcc/bin/../lib/gcc/riscv-none-embed/8.2.0/../../../../riscv-none-embed/lib/rv32imacxw/ilp32\libg_nano.a(lib_a-nano-callocr.o)
                0x000000000000ac68                _calloc_r
 .text.__ssputs_r
                0x000000000000ac90       0xe2 d:/mounriver_studio/toolchain/risc-v embedded gcc/bin/../lib/gcc/riscv-none-embed/8.2.0/../../../../riscv-none-embed/lib/rv32imacxw/ilp32\libg_nano.a(lib_a-nano-svfprintf.o)
                0x000000000000ac90                __ssputs_r
 .text._svfprintf_r
                0x000000000000ad72      0x268 d:/mounriver_studio/toolchain/risc-v embedded gcc/bin/../lib/gcc/riscv-none-embed/8.2.0/../../../../riscv-none-embed/lib/rv32imacxw/ilp32\libg_nano.a(lib_a-nano-svfprintf.o)
                0x000000000000ad72                _svfiprintf_r
                0x000000000000ad72                _svfprintf_r
 .text.__sfputc_r
                0x000000000000afda       0x28 d:/mounriver_studio/toolchain/risc-v embedded gcc/bin/../lib/gcc/riscv-none-embed/8.2.0/../../../../riscv-none-embed/lib/rv32imacxw/ilp32\libg_nano.a(lib_a-nano-vfprintf.o)
 .text.__sfputs_r
                0x000000000000b002       0x42 d:/mounriver_studio/toolchain/risc-v embedded gcc/bin/../lib/gcc/riscv-none-embed/8.2.0/../../../../riscv-none-embed/lib/rv32imacxw/ilp32\libg_nano.a(lib_a-nano-vfprintf.o)
                0x000000000000b002                __sfputs_r
 .text._vfprintf_r
                0x000000000000b044      0x28c d:/mounriver_studio/toolchain/risc-v embedded gcc/bin/../lib/gcc/riscv-none-embed/8.2.0/../../../../riscv-none-embed/lib/rv32imacxw/ilp32\libg_nano.a(lib_a-nano-vfprintf.o)
                0x000000000000b044                _vfprintf_r
                0x000000000000b044                _vfiprintf_r
 .text.nanf     0x000000000000b2d0        0xc d:/mounriver_studio/toolchain/risc-v embedded gcc/bin/../lib/gcc/riscv-none-embed/8.2.0/../../../../riscv-none-embed/lib/rv32imacxw/ilp32\libg_nano.a(lib_a-sf_nan.o)
                0x000000000000b2d0                nanf
 .text.__sread  0x000000000000b2dc       0x2c d:/mounriver_studio/toolchain/risc-v embedded gcc/bin/../lib/gcc/riscv-none-embed/8.2.0/../../../../riscv-none-embed/lib/rv32imacxw/ilp32\libg_nano.a(lib_a-stdio.o)
                0x000000000000b2dc                __sread
 .text.__swrite
                0x000000000000b308       0x48 d:/mounriver_studio/toolchain/risc-v embedded gcc/bin/../lib/gcc/riscv-none-embed/8.2.0/../../../../riscv-none-embed/lib/rv32imacxw/ilp32\libg_nano.a(lib_a-stdio.o)
                0x000000000000b308                __swrite
 .text.__sseek  0x000000000000b350       0x30 d:/mounriver_studio/toolchain/risc-v embedded gcc/bin/../lib/gcc/riscv-none-embed/8.2.0/../../../../riscv-none-embed/lib/rv32imacxw/ilp32\libg_nano.a(lib_a-stdio.o)
                0x000000000000b350                __sseek
 .text.__sclose
                0x000000000000b380        0x6 d:/mounriver_studio/toolchain/risc-v embedded gcc/bin/../lib/gcc/riscv-none-embed/8.2.0/../../../../riscv-none-embed/lib/rv32imacxw/ilp32\libg_nano.a(lib_a-stdio.o)
                0x000000000000b380                __sclose
 .text.strncmp  0x000000000000b386       0x28 d:/mounriver_studio/toolchain/risc-v embedded gcc/bin/../lib/gcc/riscv-none-embed/8.2.0/../../../../riscv-none-embed/lib/rv32imacxw/ilp32\libg_nano.a(lib_a-strncmp.o)
                0x000000000000b386                strncmp
 .text._write_r
                0x000000000000b3ae       0x36 d:/mounriver_studio/toolchain/risc-v embedded gcc/bin/../lib/gcc/riscv-none-embed/8.2.0/../../../../riscv-none-embed/lib/rv32imacxw/ilp32\libg_nano.a(lib_a-writer.o)
                0x000000000000b3ae                _write_r
 .text._close_r
                0x000000000000b3e4       0x32 d:/mounriver_studio/toolchain/risc-v embedded gcc/bin/../lib/gcc/riscv-none-embed/8.2.0/../../../../riscv-none-embed/lib/rv32imacxw/ilp32\libg_nano.a(lib_a-closer.o)
                0x000000000000b3e4                _close_r
 .text._fstat_r
                0x000000000000b416       0x34 d:/mounriver_studio/toolchain/risc-v embedded gcc/bin/../lib/gcc/riscv-none-embed/8.2.0/../../../../riscv-none-embed/lib/rv32imacxw/ilp32\libg_nano.a(lib_a-fstatr.o)
                0x000000000000b416                _fstat_r
 .text._isatty_r
                0x000000000000b44a       0x32 d:/mounriver_studio/toolchain/risc-v embedded gcc/bin/../lib/gcc/riscv-none-embed/8.2.0/../../../../riscv-none-embed/lib/rv32imacxw/ilp32\libg_nano.a(lib_a-isattyr.o)
                0x000000000000b44a                _isatty_r
 .text._lseek_r
                0x000000000000b47c       0x36 d:/mounriver_studio/toolchain/risc-v embedded gcc/bin/../lib/gcc/riscv-none-embed/8.2.0/../../../../riscv-none-embed/lib/rv32imacxw/ilp32\libg_nano.a(lib_a-lseekr.o)
                0x000000000000b47c                _lseek_r
 .text.memmove  0x000000000000b4b2       0x46 d:/mounriver_studio/toolchain/risc-v embedded gcc/bin/../lib/gcc/riscv-none-embed/8.2.0/../../../../riscv-none-embed/lib/rv32imacxw/ilp32\libg_nano.a(lib_a-memmove.o)
                0x000000000000b4b2                memmove
 .text._realloc_r
                0x000000000000b4f8       0x58 d:/mounriver_studio/toolchain/risc-v embedded gcc/bin/../lib/gcc/riscv-none-embed/8.2.0/../../../../riscv-none-embed/lib/rv32imacxw/ilp32\libg_nano.a(lib_a-nano-reallocr.o)
                0x000000000000b4f8                _realloc_r
 .text._read_r  0x000000000000b550       0x36 d:/mounriver_studio/toolchain/risc-v embedded gcc/bin/../lib/gcc/riscv-none-embed/8.2.0/../../../../riscv-none-embed/lib/rv32imacxw/ilp32\libg_nano.a(lib_a-readr.o)
                0x000000000000b550                _read_r
 .text._malloc_usable_size_r
                0x000000000000b586       0x14 d:/mounriver_studio/toolchain/risc-v embedded gcc/bin/../lib/gcc/riscv-none-embed/8.2.0/../../../../riscv-none-embed/lib/rv32imacxw/ilp32\libg_nano.a(lib_a-nano-msizer.o)
                0x000000000000b586                _malloc_usable_size_r
 .text.__adddf3
                0x000000000000b59a      0x730 d:/mounriver_studio/toolchain/risc-v embedded gcc/bin/../lib/gcc/riscv-none-embed/8.2.0/rv32imacxw/ilp32\libgcc.a(adddf3.o)
                0x000000000000b59a                __adddf3
 .text.__divdf3
                0x000000000000bcca      0x5b4 d:/mounriver_studio/toolchain/risc-v embedded gcc/bin/../lib/gcc/riscv-none-embed/8.2.0/rv32imacxw/ilp32\libgcc.a(divdf3.o)
                0x000000000000bcca                __divdf3
 .text.__eqdf2  0x000000000000c27e       0x6a d:/mounriver_studio/toolchain/risc-v embedded gcc/bin/../lib/gcc/riscv-none-embed/8.2.0/rv32imacxw/ilp32\libgcc.a(eqdf2.o)
                0x000000000000c27e                __nedf2
                0x000000000000c27e                __eqdf2
 .text.__gedf2  0x000000000000c2e8       0xae d:/mounriver_studio/toolchain/risc-v embedded gcc/bin/../lib/gcc/riscv-none-embed/8.2.0/rv32imacxw/ilp32\libgcc.a(gedf2.o)
                0x000000000000c2e8                __gedf2
                0x000000000000c2e8                __gtdf2
 .text.__ledf2  0x000000000000c396       0xb6 d:/mounriver_studio/toolchain/risc-v embedded gcc/bin/../lib/gcc/riscv-none-embed/8.2.0/rv32imacxw/ilp32\libgcc.a(ledf2.o)
                0x000000000000c396                __ledf2
                0x000000000000c396                __ltdf2
 .text.__subdf3
                0x000000000000c44c      0x73e d:/mounriver_studio/toolchain/risc-v embedded gcc/bin/../lib/gcc/riscv-none-embed/8.2.0/rv32imacxw/ilp32\libgcc.a(subdf3.o)
                0x000000000000c44c                __subdf3
 .text.__unorddf2
                0x000000000000cb8a       0x3c d:/mounriver_studio/toolchain/risc-v embedded gcc/bin/../lib/gcc/riscv-none-embed/8.2.0/rv32imacxw/ilp32\libgcc.a(unorddf2.o)
                0x000000000000cb8a                __unorddf2
 .text.__fixdfsi
                0x000000000000cbc6       0x68 d:/mounriver_studio/toolchain/risc-v embedded gcc/bin/../lib/gcc/riscv-none-embed/8.2.0/rv32imacxw/ilp32\libgcc.a(fixdfsi.o)
                0x000000000000cbc6                __fixdfsi
 .text.__floatunsidf
                0x000000000000cc2e       0x68 d:/mounriver_studio/toolchain/risc-v embedded gcc/bin/../lib/gcc/riscv-none-embed/8.2.0/rv32imacxw/ilp32\libgcc.a(floatunsidf.o)
                0x000000000000cc2e                __floatunsidf
 .text.__lesf2  0x000000000000cc96       0x8c d:/mounriver_studio/toolchain/risc-v embedded gcc/bin/../lib/gcc/riscv-none-embed/8.2.0/rv32imacxw/ilp32\libgcc.a(lesf2.o)
                0x000000000000cc96                __ltsf2
                0x000000000000cc96                __lesf2
 .text.__unordsf2
                0x000000000000cd22       0x3c d:/mounriver_studio/toolchain/risc-v embedded gcc/bin/../lib/gcc/riscv-none-embed/8.2.0/rv32imacxw/ilp32\libgcc.a(unordsf2.o)
                0x000000000000cd22                __unordsf2
 .text.__truncdfsf2
                0x000000000000cd5e      0x16a d:/mounriver_studio/toolchain/risc-v embedded gcc/bin/../lib/gcc/riscv-none-embed/8.2.0/rv32imacxw/ilp32\libgcc.a(truncdfsf2.o)
                0x000000000000cd5e                __truncdfsf2
 .text.__trunctfdf2
                0x000000000000cec8      0x21e d:/mounriver_studio/toolchain/risc-v embedded gcc/bin/../lib/gcc/riscv-none-embed/8.2.0/rv32imacxw/ilp32\libgcc.a(trunctfdf2.o)
                0x000000000000cec8                __trunctfdf2
 .text._close   0x000000000000d0e6       0x10 d:/mounriver_studio/toolchain/risc-v embedded gcc/bin/../lib/gcc/riscv-none-embed/8.2.0/../../../../riscv-none-embed/lib/rv32imacxw/ilp32\libnosys.a(close.o)
                0x000000000000d0e6                _close
 .text._fstat   0x000000000000d0f6       0x10 d:/mounriver_studio/toolchain/risc-v embedded gcc/bin/../lib/gcc/riscv-none-embed/8.2.0/../../../../riscv-none-embed/lib/rv32imacxw/ilp32\libnosys.a(fstat.o)
                0x000000000000d0f6                _fstat
 .text._isatty  0x000000000000d106       0x10 d:/mounriver_studio/toolchain/risc-v embedded gcc/bin/../lib/gcc/riscv-none-embed/8.2.0/../../../../riscv-none-embed/lib/rv32imacxw/ilp32\libnosys.a(isatty.o)
                0x000000000000d106                _isatty
 .text._lseek   0x000000000000d116       0x10 d:/mounriver_studio/toolchain/risc-v embedded gcc/bin/../lib/gcc/riscv-none-embed/8.2.0/../../../../riscv-none-embed/lib/rv32imacxw/ilp32\libnosys.a(lseek.o)
                0x000000000000d116                _lseek
 .text._read    0x000000000000d126       0x10 d:/mounriver_studio/toolchain/risc-v embedded gcc/bin/../lib/gcc/riscv-none-embed/8.2.0/../../../../riscv-none-embed/lib/rv32imacxw/ilp32\libnosys.a(read.o)
                0x000000000000d126                _read
 .text._sbrk    0x000000000000d136       0x24 d:/mounriver_studio/toolchain/risc-v embedded gcc/bin/../lib/gcc/riscv-none-embed/8.2.0/../../../../riscv-none-embed/lib/rv32imacxw/ilp32\libnosys.a(sbrk.o)
                0x000000000000d136                _sbrk
 .text._exit    0x000000000000d15a        0x2 d:/mounriver_studio/toolchain/risc-v embedded gcc/bin/../lib/gcc/riscv-none-embed/8.2.0/../../../../riscv-none-embed/lib/rv32imacxw/ilp32\libnosys.a(_exit.o)
                0x000000000000d15a                _exit
 *(.rodata)
 *(.rodata*)
 *fill*         0x000000000000d15c        0x0 
 .rodata.charArrayToU8.str1.4
                0x000000000000d15c       0x20 ./User/HX77.o
 .rodata.L610_Init.str1.4
                0x000000000000d17c       0x18 ./User/L610.o
 .rodata.L610_Lookup.str1.4
                0x000000000000d194       0x6f ./User/L610.o
 *fill*         0x000000000000d203        0x1 
 .rodata.L610_Pub.str1.4
                0x000000000000d204       0xa6 ./User/L610.o
 *fill*         0x000000000000d2aa        0x2 
 .rodata.L610_Recive.str1.4
                0x000000000000d2ac       0x65 ./User/L610.o
 *fill*         0x000000000000d311        0x3 
 .rodata.L610_RequestIP.str1.4
                0x000000000000d314       0x4f ./User/L610.o
 *fill*         0x000000000000d363        0x1 
 .rodata.L610_SetAndConnect.str1.4
                0x000000000000d364       0xf1 ./User/L610.o
 *fill*         0x000000000000d455        0x3 
 .rodata.L610_Sub.str1.4
                0x000000000000d458       0x73 ./User/L610.o
 *fill*         0x000000000000d4cb        0x1 
 .rodata.deleteProduct.str1.4
                0x000000000000d4cc       0x3f ./User/allshow.o
 *fill*         0x000000000000d50b        0x1 
 .rodata.insertProduct.part.0.str1.4
                0x000000000000d50c       0x1b ./User/allshow.o
 *fill*         0x000000000000d527        0x1 
 .rodata.freertos_demo.str1.4
                0x000000000000d528       0x3b ./User/freertos_demo.o
 *fill*         0x000000000000d563        0x1 
 .rodata.start_task.str1.4
                0x000000000000d564       0x17 ./User/freertos_demo.o
 *fill*         0x000000000000d57b        0x1 
 .rodata.vKeyScanTask.str1.4
                0x000000000000d57c       0x13 ./User/freertos_demo.o
 *fill*         0x000000000000d58f        0x1 
 .rodata.vLookupTask.str1.4
                0x000000000000d590       0x17 ./User/freertos_demo.o
 *fill*         0x000000000000d5a7        0x1 
 .rodata.Pages_X_add.str1.4
                0x000000000000d5a8        0x5 ./User/pages.o
 *fill*         0x000000000000d5ad        0x3 
 .rodata.Pages_add.str1.4
                0x000000000000d5b0        0xc ./User/pages.o
 .rodata.Pages_error.str1.4
                0x000000000000d5bc        0xe ./User/pages.o
 *fill*         0x000000000000d5ca        0x2 
 .rodata.renderCurrentProductsPage.str1.4
                0x000000000000d5cc       0x22 ./User/pages.o
 *fill*         0x000000000000d5ee        0x2 
 .rodata.renderMainPage.str1.4
                0x000000000000d5f0       0x50 ./User/pages.o
 .rodata.pvPortMalloc.str1.4
                0x000000000000d640       0x61 ./Middlewares/FreeRTOS/portable/MemMang/heap_4.o
 *fill*         0x000000000000d6a1        0x3 
 .rodata.xPortStartScheduler.str1.4
                0x000000000000d6a4       0x41 ./Middlewares/FreeRTOS/portable/GCC/RISC-V/port.o
                                         0x65 (size before relaxing)
 *fill*         0x000000000000d6e5        0x3 
 .rodata.xQueueGenericReset.str1.4
                0x000000000000d6e8       0x2e ./Middlewares/FreeRTOS/queue.o
                                         0x51 (size before relaxing)
 *fill*         0x000000000000d716        0x2 
 .rodata.prvTaskIsTaskSuspended.str1.4
                0x000000000000d718       0x2e ./Middlewares/FreeRTOS/tasks.o
                                         0x51 (size before relaxing)
 *fill*         0x000000000000d746        0x2 
 .rodata.vTaskStartScheduler.str1.4
                0x000000000000d748        0x5 ./Middlewares/FreeRTOS/tasks.o
 *fill*         0x000000000000d74d        0x3 
 .rodata.prvTimerTask
                0x000000000000d750       0x24 ./Middlewares/FreeRTOS/timers.o
 .rodata.prvCheckForValidListAndQueue.str1.4
                0x000000000000d774        0x5 ./Middlewares/FreeRTOS/timers.o
 *fill*         0x000000000000d779        0x3 
 .rodata.prvTimerTask.str1.4
                0x000000000000d77c       0x2f ./Middlewares/FreeRTOS/timers.o
                                         0x51 (size before relaxing)
 *fill*         0x000000000000d7ab        0x1 
 .rodata.xTimerCreateTimerTask.str1.4
                0x000000000000d7ac        0x8 ./Middlewares/FreeRTOS/timers.o
 *fill*         0x000000000000d7b4        0x4 
 .rodata.LCD_SSD_BackLightSet.cst8
                0x000000000000d7b8        0x8 ./Drivers/BSP/LCD/lcd.o
 .rodata.asc2_1206
                0x000000000000d7c0      0x474 ./Drivers/BSP/LCD/lcd.o
                0x000000000000d7c0                asc2_1206
 .rodata.asc2_1608
                0x000000000000dc34      0x5f0 ./Drivers/BSP/LCD/lcd.o
                0x000000000000dc34                asc2_1608
 .rodata.asc2_2412
                0x000000000000e224      0xd5c ./Drivers/BSP/LCD/lcd.o
                0x000000000000e224                asc2_2412
 .rodata.asc2_3216
                0x000000000000ef80     0x17c0 ./Drivers/BSP/LCD/lcd.o
                0x000000000000ef80                asc2_3216
 .rodata.__muldf3
                0x0000000000010740       0x40 d:/mounriver_studio/toolchain/risc-v embedded gcc/bin/../lib/gcc/riscv-none-embed/8.2.0/rv32imacxw/ilp32\libgcc.a(muldf3.o)
 .rodata.__clz_tab
                0x0000000000010780      0x100 d:/mounriver_studio/toolchain/risc-v embedded gcc/bin/../lib/gcc/riscv-none-embed/8.2.0/rv32imacxw/ilp32\libgcc.a(_clz.o)
                0x0000000000010780                __clz_tab
 .rodata._setlocale_r.str1.4
                0x0000000000010880        0xa d:/mounriver_studio/toolchain/risc-v embedded gcc/bin/../lib/gcc/riscv-none-embed/8.2.0/../../../../riscv-none-embed/lib/rv32imacxw/ilp32\libg_nano.a(lib_a-locale.o)
                                          0xd (size before relaxing)
 *fill*         0x000000000001088a        0x2 
 .rodata.str1.4
                0x000000000001088c        0x2 d:/mounriver_studio/toolchain/risc-v embedded gcc/bin/../lib/gcc/riscv-none-embed/8.2.0/../../../../riscv-none-embed/lib/rv32imacxw/ilp32\libg_nano.a(lib_a-locale.o)
 *fill*         0x000000000001088e        0x2 
 .rodata._printf_float.cst8
                0x0000000000010890        0x8 d:/mounriver_studio/toolchain/risc-v embedded gcc/bin/../lib/gcc/riscv-none-embed/8.2.0/../../../../riscv-none-embed/lib/rv32imacxw/ilp32\libg_nano.a(lib_a-nano-vfprintf_float.o)
 .rodata._printf_float.str1.4
                0x0000000000010898       0x12 d:/mounriver_studio/toolchain/risc-v embedded gcc/bin/../lib/gcc/riscv-none-embed/8.2.0/../../../../riscv-none-embed/lib/rv32imacxw/ilp32\libg_nano.a(lib_a-nano-vfprintf_float.o)
 *fill*         0x00000000000108aa        0x2 
 .rodata._printf_i.str1.4
                0x00000000000108ac       0x25 d:/mounriver_studio/toolchain/risc-v embedded gcc/bin/../lib/gcc/riscv-none-embed/8.2.0/../../../../riscv-none-embed/lib/rv32imacxw/ilp32\libg_nano.a(lib_a-nano-vfprintf_i.o)
 *fill*         0x00000000000108d1        0x3 
 .rodata._strtod_l
                0x00000000000108d4       0x14 d:/mounriver_studio/toolchain/risc-v embedded gcc/bin/../lib/gcc/riscv-none-embed/8.2.0/../../../../riscv-none-embed/lib/rv32imacxw/ilp32\libg_nano.a(lib_a-strtod.o)
 .rodata._strtod_l.cst8
                0x00000000000108e8       0x38 d:/mounriver_studio/toolchain/risc-v embedded gcc/bin/../lib/gcc/riscv-none-embed/8.2.0/../../../../riscv-none-embed/lib/rv32imacxw/ilp32\libg_nano.a(lib_a-strtod.o)
 .rodata._strtod_l.str1.4
                0x0000000000010920        0xf d:/mounriver_studio/toolchain/risc-v embedded gcc/bin/../lib/gcc/riscv-none-embed/8.2.0/../../../../riscv-none-embed/lib/rv32imacxw/ilp32\libg_nano.a(lib_a-strtod.o)
 *fill*         0x000000000001092f        0x1 
 .rodata.fpi.3395
                0x0000000000010930       0x14 d:/mounriver_studio/toolchain/risc-v embedded gcc/bin/../lib/gcc/riscv-none-embed/8.2.0/../../../../riscv-none-embed/lib/rv32imacxw/ilp32\libg_nano.a(lib_a-strtod.o)
 .rodata.fpinan.3431
                0x0000000000010944       0x14 d:/mounriver_studio/toolchain/risc-v embedded gcc/bin/../lib/gcc/riscv-none-embed/8.2.0/../../../../riscv-none-embed/lib/rv32imacxw/ilp32\libg_nano.a(lib_a-strtod.o)
 .rodata.strtof_l.cst4
                0x0000000000010958        0x4 d:/mounriver_studio/toolchain/risc-v embedded gcc/bin/../lib/gcc/riscv-none-embed/8.2.0/../../../../riscv-none-embed/lib/rv32imacxw/ilp32\libg_nano.a(lib_a-strtod.o)
 .rodata.strtof_l.cst8
                0x000000000001095c        0x8 d:/mounriver_studio/toolchain/risc-v embedded gcc/bin/../lib/gcc/riscv-none-embed/8.2.0/../../../../riscv-none-embed/lib/rv32imacxw/ilp32\libg_nano.a(lib_a-strtod.o)
 *fill*         0x000000000001095c        0x4 
 .rodata.tinytens
                0x0000000000010960       0x28 d:/mounriver_studio/toolchain/risc-v embedded gcc/bin/../lib/gcc/riscv-none-embed/8.2.0/../../../../riscv-none-embed/lib/rv32imacxw/ilp32\libg_nano.a(lib_a-strtod.o)
 .rodata._ctype_
                0x0000000000010988      0x101 d:/mounriver_studio/toolchain/risc-v embedded gcc/bin/../lib/gcc/riscv-none-embed/8.2.0/../../../../riscv-none-embed/lib/rv32imacxw/ilp32\libg_nano.a(lib_a-ctype_.o)
                0x0000000000010988                _ctype_
 *fill*         0x0000000000010a89        0x7 
 .rodata._dtoa_r.cst8
                0x0000000000010a90       0x38 d:/mounriver_studio/toolchain/risc-v embedded gcc/bin/../lib/gcc/riscv-none-embed/8.2.0/../../../../riscv-none-embed/lib/rv32imacxw/ilp32\libg_nano.a(lib_a-dtoa.o)
                                         0x48 (size before relaxing)
 .rodata._dtoa_r.str1.4
                0x0000000000010ac8       0x10 d:/mounriver_studio/toolchain/risc-v embedded gcc/bin/../lib/gcc/riscv-none-embed/8.2.0/../../../../riscv-none-embed/lib/rv32imacxw/ilp32\libg_nano.a(lib_a-dtoa.o)
                                         0x12 (size before relaxing)
 .rodata.__sf_fake_stderr
                0x0000000000010ad8       0x20 d:/mounriver_studio/toolchain/risc-v embedded gcc/bin/../lib/gcc/riscv-none-embed/8.2.0/../../../../riscv-none-embed/lib/rv32imacxw/ilp32\libg_nano.a(lib_a-findfp.o)
                0x0000000000010ad8                __sf_fake_stderr
 .rodata.__sf_fake_stdin
                0x0000000000010af8       0x20 d:/mounriver_studio/toolchain/risc-v embedded gcc/bin/../lib/gcc/riscv-none-embed/8.2.0/../../../../riscv-none-embed/lib/rv32imacxw/ilp32\libg_nano.a(lib_a-findfp.o)
                0x0000000000010af8                __sf_fake_stdin
 .rodata.__sf_fake_stdout
                0x0000000000010b18       0x20 d:/mounriver_studio/toolchain/risc-v embedded gcc/bin/../lib/gcc/riscv-none-embed/8.2.0/../../../../riscv-none-embed/lib/rv32imacxw/ilp32\libg_nano.a(lib_a-findfp.o)
                0x0000000000010b18                __sf_fake_stdout
 .rodata.__mprec_bigtens
                0x0000000000010b38       0x28 d:/mounriver_studio/toolchain/risc-v embedded gcc/bin/../lib/gcc/riscv-none-embed/8.2.0/../../../../riscv-none-embed/lib/rv32imacxw/ilp32\libg_nano.a(lib_a-mprec.o)
                0x0000000000010b38                __mprec_bigtens
 .rodata.__mprec_tens
                0x0000000000010b60       0xc8 d:/mounriver_studio/toolchain/risc-v embedded gcc/bin/../lib/gcc/riscv-none-embed/8.2.0/../../../../riscv-none-embed/lib/rv32imacxw/ilp32\libg_nano.a(lib_a-mprec.o)
                0x0000000000010b60                __mprec_tens
 .rodata.p05.3319
                0x0000000000010c28        0xc d:/mounriver_studio/toolchain/risc-v embedded gcc/bin/../lib/gcc/riscv-none-embed/8.2.0/../../../../riscv-none-embed/lib/rv32imacxw/ilp32\libg_nano.a(lib_a-mprec.o)
 .rodata._svfprintf_r.str1.4
                0x0000000000010c34       0x14 d:/mounriver_studio/toolchain/risc-v embedded gcc/bin/../lib/gcc/riscv-none-embed/8.2.0/../../../../riscv-none-embed/lib/rv32imacxw/ilp32\libg_nano.a(lib_a-nano-svfprintf.o)
                                         0x13 (size before relaxing)
 .rodata._vfprintf_r.str1.4
                0x0000000000010c48       0x13 d:/mounriver_studio/toolchain/risc-v embedded gcc/bin/../lib/gcc/riscv-none-embed/8.2.0/../../../../riscv-none-embed/lib/rv32imacxw/ilp32\libg_nano.a(lib_a-nano-vfprintf.o)
 .rodata.nanf.cst4
                0x0000000000010c48        0x4 d:/mounriver_studio/toolchain/risc-v embedded gcc/bin/../lib/gcc/riscv-none-embed/8.2.0/../../../../riscv-none-embed/lib/rv32imacxw/ilp32\libg_nano.a(lib_a-sf_nan.o)
 .rodata.__divdf3
                0x0000000000010c4c       0x40 d:/mounriver_studio/toolchain/risc-v embedded gcc/bin/../lib/gcc/riscv-none-embed/8.2.0/rv32imacxw/ilp32\libgcc.a(divdf3.o)
 *(.gnu.linkonce.t.*)
                0x0000000000010c8c                . = ALIGN (0x4)

.rela.dyn       0x0000000000010c8c        0x0
 .rela.text.xPortStartScheduler
                0x0000000000010c8c        0x0 ./User/HX77.o
 .rela.sdata2.xISRStackTop
                0x0000000000010c8c        0x0 ./User/HX77.o
 .rela.init     0x0000000000010c8c        0x0 ./User/HX77.o
 .rela.vector   0x0000000000010c8c        0x0 ./User/HX77.o
 .rela.text.handle_reset
                0x0000000000010c8c        0x0 ./User/HX77.o
 .rela.text.exit
                0x0000000000010c8c        0x0 ./User/HX77.o
 .rela.text._sbrk_r
                0x0000000000010c8c        0x0 ./User/HX77.o
 .rela.text._svfprintf_r
                0x0000000000010c8c        0x0 ./User/HX77.o
 .rela.text._vfprintf_r
                0x0000000000010c8c        0x0 ./User/HX77.o
 .rela.text._write_r
                0x0000000000010c8c        0x0 ./User/HX77.o
 .rela.text._close_r
                0x0000000000010c8c        0x0 ./User/HX77.o
 .rela.text._fstat_r
                0x0000000000010c8c        0x0 ./User/HX77.o
 .rela.text._isatty_r
                0x0000000000010c8c        0x0 ./User/HX77.o
 .rela.text._lseek_r
                0x0000000000010c8c        0x0 ./User/HX77.o
 .rela.text._read_r
                0x0000000000010c8c        0x0 ./User/HX77.o
 .rela.text._close
                0x0000000000010c8c        0x0 ./User/HX77.o
 .rela.text._fstat
                0x0000000000010c8c        0x0 ./User/HX77.o
 .rela.text._isatty
                0x0000000000010c8c        0x0 ./User/HX77.o
 .rela.text._lseek
                0x0000000000010c8c        0x0 ./User/HX77.o
 .rela.text._read
                0x0000000000010c8c        0x0 ./User/HX77.o
 .rela.text._sbrk
                0x0000000000010c8c        0x0 ./User/HX77.o

.fini           0x0000000000010c8c        0x0
 *(SORT_NONE(.fini))
                0x0000000000010c8c                . = ALIGN (0x4)
                [!provide]                        PROVIDE (_etext = .)
                [!provide]                        PROVIDE (_eitcm = .)

.preinit_array  0x0000000000010c8c        0x0
                [!provide]                        PROVIDE (__preinit_array_start = .)
 *(.preinit_array)
                [!provide]                        PROVIDE (__preinit_array_end = .)

.init_array     0x0000000000010c8c        0x0
                [!provide]                        PROVIDE (__init_array_start = .)
 *(SORT_BY_INIT_PRIORITY(.init_array.*) SORT_BY_INIT_PRIORITY(.ctors.*))
 *(.init_array EXCLUDE_FILE(*crtend?.o *crtend.o *crtbegin?.o *crtbegin.o) .ctors)
                [!provide]                        PROVIDE (__init_array_end = .)

.fini_array     0x0000000000010c8c        0x0
                [!provide]                        PROVIDE (__fini_array_start = .)
 *(SORT_BY_INIT_PRIORITY(.fini_array.*) SORT_BY_INIT_PRIORITY(.dtors.*))
 *(.fini_array EXCLUDE_FILE(*crtend?.o *crtend.o *crtbegin?.o *crtbegin.o) .dtors)
                [!provide]                        PROVIDE (__fini_array_end = .)

.ctors
 *crtbegin.o(.ctors)
 *crtbegin?.o(.ctors)
 *(EXCLUDE_FILE(*crtend?.o *crtend.o) .ctors)
 *(SORT_BY_NAME(.ctors.*))
 *(.ctors)

.dtors
 *crtbegin.o(.dtors)
 *crtbegin?.o(.dtors)
 *(EXCLUDE_FILE(*crtend?.o *crtend.o) .dtors)
 *(SORT_BY_NAME(.dtors.*))
 *(.dtors)

.dalign         0x0000000020000000        0x0 load address 0x0000000000010c8c
                0x0000000020000000                . = ALIGN (0x4)
                0x0000000020000000                PROVIDE (_data_vma = .)

.dlalign        0x0000000000010c8c        0x0
                0x0000000000010c8c                . = ALIGN (0x4)
                0x0000000000010c8c                PROVIDE (_data_lma = .)

.data           0x0000000020000000      0x200 load address 0x0000000000010c8c
 *(.gnu.linkonce.r.*)
 *(.data .data.*)
 .data.APBAHBPrescTable
                0x0000000020000000       0x10 ./Drivers/CH32V30x_Driver/src/ch32v30x_rcc.o
 .data.impure_data
                0x0000000020000010       0x60 d:/mounriver_studio/toolchain/risc-v embedded gcc/bin/../lib/gcc/riscv-none-embed/8.2.0/../../../../riscv-none-embed/lib/rv32imacxw/ilp32\libg_nano.a(lib_a-impure.o)
 .data.__global_locale
                0x0000000020000070      0x16c d:/mounriver_studio/toolchain/risc-v embedded gcc/bin/../lib/gcc/riscv-none-embed/8.2.0/../../../../riscv-none-embed/lib/rv32imacxw/ilp32\libg_nano.a(lib_a-locale.o)
                0x0000000020000070                __global_locale
 *(.gnu.linkonce.d.*)
                0x00000000200001e0                . = ALIGN (0x8)
 *fill*         0x00000000200001dc        0x4 
                0x00000000200009e0                PROVIDE (__global_pointer$ = (. + 0x800))
 *(.sdata .sdata.*)
 .sdata.SystemCoreClock
                0x00000000200001e0        0x4 ./User/system_ch32v30x.o
                0x00000000200001e0                SystemCoreClock
 .sdata.uxCriticalNesting
                0x00000000200001e4        0x4 ./Middlewares/FreeRTOS/portable/GCC/RISC-V/port.o
 .sdata.uxTopUsedPriority
                0x00000000200001e8        0x4 ./Middlewares/FreeRTOS/tasks.o
                0x00000000200001e8                uxTopUsedPriority
 .sdata.ADCPrescTable
                0x00000000200001ec        0x4 ./Drivers/CH32V30x_Driver/src/ch32v30x_rcc.o
 .sdata.BACK_COLOR
                0x00000000200001f0        0x2 ./Drivers/BSP/LCD/lcd.o
                0x00000000200001f0                BACK_COLOR
 *fill*         0x00000000200001f2        0x2 
 .sdata._impure_ptr
                0x00000000200001f4        0x4 d:/mounriver_studio/toolchain/risc-v embedded gcc/bin/../lib/gcc/riscv-none-embed/8.2.0/../../../../riscv-none-embed/lib/rv32imacxw/ilp32\libg_nano.a(lib_a-impure.o)
                0x00000000200001f4                _impure_ptr
 *(.sdata2.*)
 .sdata2.xISRStackTop
                0x00000000200001f8        0x4 ./Middlewares/FreeRTOS/portable/GCC/RISC-V/port.o
                0x00000000200001f8                xISRStackTop
 .sdata2._global_impure_ptr
                0x00000000200001fc        0x4 d:/mounriver_studio/toolchain/risc-v embedded gcc/bin/../lib/gcc/riscv-none-embed/8.2.0/../../../../riscv-none-embed/lib/rv32imacxw/ilp32\libg_nano.a(lib_a-impure.o)
                0x00000000200001fc                _global_impure_ptr
 *(.gnu.linkonce.s.*)
                0x0000000020000200                . = ALIGN (0x8)
 *(.srodata.cst16)
 *(.srodata.cst8)
 *(.srodata.cst4)
 *(.srodata.cst2)
 *(.srodata .srodata.*)
                0x0000000020000200                . = ALIGN (0x4)
                0x0000000020000200                PROVIDE (_edata = .)

.bss            0x0000000020000200     0x3310 load address 0x0000000000010e8c
                0x0000000020000200                . = ALIGN (0x4)
                0x0000000020000200                PROVIDE (_sbss = .)
 *(.sbss*)
 .sbss.current_product_weight
                0x0000000020000200        0x4 ./User/HX77.o
                0x0000000020000200                current_product_weight
 .sbss.former_weight
                0x0000000020000204        0x4 ./User/HX77.o
                0x0000000020000204                former_weight
 .sbss.weight   0x0000000020000208        0x4 ./User/HX77.o
                0x0000000020000208                weight
 .sbss.USART_Rbuffer_Num
                0x000000002000020c        0x2 ./User/L610.o
                0x000000002000020c                USART_Rbuffer_Num
 *fill*         0x000000002000020e        0x2 
 .sbss.strx     0x0000000020000210        0x4 ./User/L610.o
                0x0000000020000210                strx
 .sbss.CameraRev_Handler
                0x0000000020000214        0x4 ./User/freertos_demo.o
                0x0000000020000214                CameraRev_Handler
 .sbss.KeyScanTask_Handler
                0x0000000020000218        0x4 ./User/freertos_demo.o
                0x0000000020000218                KeyScanTask_Handler
 .sbss.LookupTask_Handler
                0x000000002000021c        0x4 ./User/freertos_demo.o
                0x000000002000021c                LookupTask_Handler
 .sbss.ProductList
                0x0000000020000220        0x8 ./User/freertos_demo.o
                0x0000000020000220                ProductList
 .sbss.SerialTask_Handler
                0x0000000020000228        0x4 ./User/freertos_demo.o
                0x0000000020000228                SerialTask_Handler
 .sbss.StartTask_Handler
                0x000000002000022c        0x4 ./User/freertos_demo.o
                0x000000002000022c                StartTask_Handler
 .sbss.WeightTask_Handler
                0x0000000020000230        0x4 ./User/freertos_demo.o
                0x0000000020000230                WeightTask_Handler
 .sbss.pxEnd    0x0000000020000234        0x4 ./Middlewares/FreeRTOS/portable/MemMang/heap_4.o
 .sbss.xBlockAllocatedBit
                0x0000000020000238        0x4 ./Middlewares/FreeRTOS/portable/MemMang/heap_4.o
 .sbss.xFreeBytesRemaining
                0x000000002000023c        0x4 ./Middlewares/FreeRTOS/portable/MemMang/heap_4.o
 .sbss.xMinimumEverFreeBytesRemaining
                0x0000000020000240        0x4 ./Middlewares/FreeRTOS/portable/MemMang/heap_4.o
 .sbss.xNumberOfSuccessfulAllocations
                0x0000000020000244        0x4 ./Middlewares/FreeRTOS/portable/MemMang/heap_4.o
 .sbss.xNumberOfSuccessfulFrees
                0x0000000020000248        0x4 ./Middlewares/FreeRTOS/portable/MemMang/heap_4.o
 .sbss.xStart   0x000000002000024c        0x8 ./Middlewares/FreeRTOS/portable/MemMang/heap_4.o
 .sbss.pxCurrentTCB
                0x0000000020000254        0x4 ./Middlewares/FreeRTOS/tasks.o
                0x0000000020000254                pxCurrentTCB
 .sbss.pxDelayedTaskList
                0x0000000020000258        0x4 ./Middlewares/FreeRTOS/tasks.o
 .sbss.pxOverflowDelayedTaskList
                0x000000002000025c        0x4 ./Middlewares/FreeRTOS/tasks.o
 .sbss.uxCurrentNumberOfTasks
                0x0000000020000260        0x4 ./Middlewares/FreeRTOS/tasks.o
 .sbss.uxDeletedTasksWaitingCleanUp
                0x0000000020000264        0x4 ./Middlewares/FreeRTOS/tasks.o
 .sbss.uxSchedulerSuspended
                0x0000000020000268        0x4 ./Middlewares/FreeRTOS/tasks.o
 .sbss.uxTaskNumber
                0x000000002000026c        0x4 ./Middlewares/FreeRTOS/tasks.o
 .sbss.uxTopReadyPriority
                0x0000000020000270        0x4 ./Middlewares/FreeRTOS/tasks.o
 .sbss.xIdleTaskHandle
                0x0000000020000274        0x4 ./Middlewares/FreeRTOS/tasks.o
 .sbss.xNextTaskUnblockTime
                0x0000000020000278        0x4 ./Middlewares/FreeRTOS/tasks.o
 .sbss.xNumOfOverflows
                0x000000002000027c        0x4 ./Middlewares/FreeRTOS/tasks.o
 .sbss.xPendedTicks
                0x0000000020000280        0x4 ./Middlewares/FreeRTOS/tasks.o
 .sbss.xSchedulerRunning
                0x0000000020000284        0x4 ./Middlewares/FreeRTOS/tasks.o
 .sbss.xTickCount
                0x0000000020000288        0x4 ./Middlewares/FreeRTOS/tasks.o
 .sbss.xYieldPending
                0x000000002000028c        0x4 ./Middlewares/FreeRTOS/tasks.o
 .sbss.pxCurrentTimerList
                0x0000000020000290        0x4 ./Middlewares/FreeRTOS/timers.o
 .sbss.pxOverflowTimerList
                0x0000000020000294        0x4 ./Middlewares/FreeRTOS/timers.o
 .sbss.xLastTime.6277
                0x0000000020000298        0x4 ./Middlewares/FreeRTOS/timers.o
 .sbss.xTimerQueue
                0x000000002000029c        0x4 ./Middlewares/FreeRTOS/timers.o
 .sbss.xTimerTaskHandle
                0x00000000200002a0        0x4 ./Middlewares/FreeRTOS/timers.o
 .sbss.uart_cnt
                0x00000000200002a4        0x1 ./Drivers/SYSTEM/usart/usart.o
                0x00000000200002a4                uart_cnt
 *fill*         0x00000000200002a5        0x3 
 .sbss.xBinarySemaphore
                0x00000000200002a8        0x4 ./Drivers/SYSTEM/usart/usart.o
                0x00000000200002a8                xBinarySemaphore
 .sbss.xBinarySemaphore2
                0x00000000200002ac        0x4 ./Drivers/SYSTEM/usart/usart.o
                0x00000000200002ac                xBinarySemaphore2
 .sbss.xBinarySemaphore3
                0x00000000200002b0        0x4 ./Drivers/SYSTEM/usart/usart.o
                0x00000000200002b0                xBinarySemaphore3
 .sbss.xBinarySemaphore4
                0x00000000200002b4        0x4 ./Drivers/SYSTEM/usart/usart.o
                0x00000000200002b4                xBinarySemaphore4
 .sbss.xBinarySemaphore5
                0x00000000200002b8        0x4 ./Drivers/SYSTEM/usart/usart.o
                0x00000000200002b8                xBinarySemaphore5
 .sbss.xQueue1  0x00000000200002bc        0x4 ./Drivers/SYSTEM/usart/usart.o
                0x00000000200002bc                xQueue1